20400
20800
20800
20800
20800
20800
20800
20800
20800
20800
20800
20800
20800
20800
20800
20800
20800
20800
20800
20800
20800
20800
20800
20800
20800
20800
20800
20800
20800
20800
20800
20800
20800
20800
20800
20800
20784
20784
20784
20784
20784
20784
20784
20784
20784
20784
20784
20784
20784
20784
20784
20784
20784
20784
20784
20784
20784
20784
20784
20784
20784
20784
20768
20768
20768
20768
20768
20768
20768
20768
20768
20768
20768
20768
20768
20768
20768
20768
20768
20768
20752
20752
20752
20752
20752
20752
20752
20752
20752
20752
20752
20752
20752
20752
20752
20736
20736
20736
20736
20736
20736
20736
20736
20736
20736
20736
20736
20720
20720
20720
20720
20720
20720
20720
20720
20720
20720
20720
20704
20704
20704
20704
20704
20704
20704
20704
20704
20704
20688
20688
20688
20688
20688
20688
20688
20688
20688
20672
20672
20672
20672
20672
20672
20672
20672
20672
20656
20656
20656
20656
20656
20656
20656
20656
20656
20640
20640
20640
20640
20640
20640
20640
20624
20624
20624
20624
20624
20624
20624
20624
20608
20608
20608
20608
20608
20608
20608
20592
20592
20592
20592
20592
20592
20592
20576
20576
20576
20576
20576
20576
20576
20560
20560
20560
20560
20560
20560
20544
20544
20544
20544
20544
20544
20544
20528
20528
20528
20528
20528
20528
20512
20512
20512
20512
20512
20480
20496
20496
20496
20496
20496
20480
20480
20480
20480
20480
16384
20464
20464
20464
20464
20464
20464
20448
20448
20448
20448
20448
20432
20432
20432
20432
20432
20416
20416
20416
20416
20416
20416
20400
20400
20400
20400
20400
20384
20384
20384
20384
20368
20368
20368
20368
20368
20352
20352
20352
20352
20352
20336
20336
20336
20336
20336
20320
20320
20320
20320
20304
20304
20304
20304
20304
20288
20288
20288
20288
20288
20272
20272
20272
20272
20256
20256
20256
20256
20224
20240
20240
20240
20224
20224
20224
20224
20224
20208
20208
20208
20208
20192
20192
20192
20192
20192
20176
20176
20176
20160
20160
20160
20160
20144
20144
20144
20144
20128
20128
20128
20128
20128
20112
20112
20112
20112
20096
20096
20096
20080
20080
20080
20080
20064
20064
20064
20064
20048
20048
20048
20048
20032
20032
20032
20032
20016
20016
20016
20000
20000
20000
19984
19984
19984
19984
19968
19968
19968
19968
19952
19952
19952
19952
19936
19936
19936
19920
19920
19920
19904
19904
19904
19904
19888
19888
19888
19872
19872
19872
19872
19856
19856
19856
19840
19840
19840
19712
19824
19824
19808
19808
19808
19808
19792
19792
19792
19776
19776
19776
19776
19760
19760
19760
19744
19744
19744
19744
19728
19728
19712
19712
19712
19696
19696
19696
19696
19680
19680
19680
19664
19664
19664
19648
19648
19648
19648
19632
19632
19632
19616
19616
19600
19600
19600
19584
19584
19584
19568
19568
19568
19568
19552
19552
19552
19536
19536
19536
19520
19520
19504
19504
19504
19488
19488
19488
19472
19472
19472
19456
19456
19456
19440
19440
19440
19424
19424
19424
19408
19408
19392
19392
19392
19376
19376
19376
19360
19360
19360
19344
19344
19344
19328
19328
19328
19312
19312
19312
19296
19296
19280
19280
19280
19264
19264
19264
19248
19248
19248
19232
19232
19232
19216
19216
19216
19200
