Component: ARM Compiler 5.06 update 7 (build 960) Tool: armlink [4d3601]

==============================================================================

Section Cross References

    startup_msp432e401y_uvision.o(RESET) refers to startup_msp432e401y_uvision.o(STACK) for __initial_sp
    startup_msp432e401y_uvision.o(RESET) refers to startup_msp432e401y_uvision.o(.text) for Reset_Handler
    startup_msp432e401y_uvision.o(RESET) refers to system_init.o(i.SysTick_Handler) for SysTick_Handler
    startup_msp432e401y_uvision.o(RESET) refers to uart_1.o(i.UART0_IRQHandler) for UART0_IRQHandler
    startup_msp432e401y_uvision.o(RESET) refers to spi_u.o(i.SSI0_IRQHandler) for SSI0_IRQHandler
    startup_msp432e401y_uvision.o(RESET) refers to adc_u.o(i.ADC0SS2_IRQHandler) for ADC0SS2_IRQHandler
    startup_msp432e401y_uvision.o(RESET) refers to tim_u.o(i.TIMER1A_IRQHandler) for TIMER1A_IRQHandler
    startup_msp432e401y_uvision.o(RESET) refers to uart_1.o(i.UART7_IRQHandler) for UART7_IRQHandler
    startup_msp432e401y_uvision.o(.text) refers to system_msp432e401y.o(i.SystemInit) for SystemInit
    startup_msp432e401y_uvision.o(.text) refers to entry.o(.ARM.Collect$$$$00000000) for __main
    system_msp432e401y.o(i.SystemCoreClockUpdate) refers to system_msp432e401y.o(.data) for SystemCoreClock
    system_msp432e401y.o(i.SystemInit) refers to system_msp432e401y.o(.data) for SystemCoreClock
    adc.o(i.ADCIntRegister) refers to adc.o(i._ADCIntNumberGet) for _ADCIntNumberGet
    adc.o(i.ADCIntRegister) refers to interrupt.o(i.IntRegister) for IntRegister
    adc.o(i.ADCIntRegister) refers to interrupt.o(i.IntEnable) for IntEnable
    adc.o(i.ADCIntUnregister) refers to adc.o(i._ADCIntNumberGet) for _ADCIntNumberGet
    adc.o(i.ADCIntUnregister) refers to interrupt.o(i.IntDisable) for IntDisable
    adc.o(i.ADCIntUnregister) refers to interrupt.o(i.IntUnregister) for IntUnregister
    adc.o(i.ADCSoftwareOversampleConfigure) refers to adc.o(.data) for g_pui8OversampleFactor
    adc.o(i.ADCSoftwareOversampleDataGet) refers to adc.o(.data) for g_pui8OversampleFactor
    adc.o(i.ADCSoftwareOversampleStepConfigure) refers to adc.o(.data) for g_pui8OversampleFactor
    aes.o(i.AESDataAuth) refers to aes.o(i.AESLengthSet) for AESLengthSet
    aes.o(i.AESDataAuth) refers to aes.o(i.AESDataWrite) for AESDataWrite
    aes.o(i.AESDataAuth) refers to aes.o(i.AESTagRead) for AESTagRead
    aes.o(i.AESDataProcess) refers to aes.o(i.AESLengthSet) for AESLengthSet
    aes.o(i.AESDataProcess) refers to aes.o(i.AESDataWrite) for AESDataWrite
    aes.o(i.AESDataProcess) refers to aes.o(i.AESDataRead) for AESDataRead
    aes.o(i.AESDataProcessAuth) refers to aes.o(i.AESLengthSet) for AESLengthSet
    aes.o(i.AESDataProcessAuth) refers to aes.o(i.AESAuthLengthSet) for AESAuthLengthSet
    aes.o(i.AESDataProcessAuth) refers to aes.o(i.AESDataWrite) for AESDataWrite
    aes.o(i.AESDataProcessAuth) refers to aes.o(i.AESDataRead) for AESDataRead
    aes.o(i.AESDataProcessAuth) refers to aes.o(i.AESTagRead) for AESTagRead
    aes.o(i.AESIntRegister) refers to interrupt.o(i.IntRegister) for IntRegister
    aes.o(i.AESIntRegister) refers to interrupt.o(i.IntEnable) for IntEnable
    aes.o(i.AESIntUnregister) refers to interrupt.o(i.IntDisable) for IntDisable
    aes.o(i.AESIntUnregister) refers to interrupt.o(i.IntUnregister) for IntUnregister
    can.o(i.CANBitRateSet) refers to can.o(.constdata) for g_ui16CANBitValues
    can.o(i.CANIntRegister) refers to can.o(i._CANIntNumberGet) for _CANIntNumberGet
    can.o(i.CANIntRegister) refers to interrupt.o(i.IntRegister) for IntRegister
    can.o(i.CANIntRegister) refers to interrupt.o(i.IntEnable) for IntEnable
    can.o(i.CANIntUnregister) refers to can.o(i._CANIntNumberGet) for _CANIntNumberGet
    can.o(i.CANIntUnregister) refers to interrupt.o(i.IntDisable) for IntDisable
    can.o(i.CANIntUnregister) refers to interrupt.o(i.IntUnregister) for IntUnregister
    can.o(i.CANMessageGet) refers to can.o(i._CANDataRegRead) for _CANDataRegRead
    can.o(i.CANMessageSet) refers to can.o(i._CANDataRegWrite) for _CANDataRegWrite
    comp.o(i.ComparatorIntRegister) refers to interrupt.o(i.IntRegister) for IntRegister
    comp.o(i.ComparatorIntRegister) refers to interrupt.o(i.IntEnable) for IntEnable
    comp.o(i.ComparatorIntUnregister) refers to interrupt.o(i.IntDisable) for IntDisable
    comp.o(i.ComparatorIntUnregister) refers to interrupt.o(i.IntUnregister) for IntUnregister
    crc.o(i.CRCDataProcess) refers to crc.o(i.CRCResultRead) for CRCResultRead
    des.o(i.DESDataProcess) refers to des.o(i.DESDataWriteNonBlocking) for DESDataWriteNonBlocking
    des.o(i.DESDataProcess) refers to des.o(i.DESDataReadNonBlocking) for DESDataReadNonBlocking
    des.o(i.DESIntRegister) refers to interrupt.o(i.IntRegister) for IntRegister
    des.o(i.DESIntRegister) refers to interrupt.o(i.IntEnable) for IntEnable
[...]
    Removing usb.o(.revsh_text), (4 bytes).
    Removing usb.o(.rrx_text), (6 bytes).
    Removing usb.o(i.USBClockDisable), (8 bytes).
    Removing usb.o(i.USBClockEnable), (10 bytes).
    Removing usb.o(i.USBDMAChannelAddressGet), (12 bytes).
    Removing usb.o(i.USBDMAChannelAddressSet), (12 bytes).
    Removing usb.o(i.USBDMAChannelConfigSet), (26 bytes).
    Removing usb.o(i.USBDMAChannelCountGet), (12 bytes).
    Removing usb.o(i.USBDMAChannelCountSet), (12 bytes).
    Removing usb.o(i.USBDMAChannelDisable), (24 bytes).
    Removing usb.o(i.USBDMAChannelEnable), (24 bytes).
    Removing usb.o(i.USBDMAChannelIntDisable), (24 bytes).
    Removing usb.o(i.USBDMAChannelIntEnable), (24 bytes).
    Removing usb.o(i.USBDMAChannelIntStatus), (8 bytes).
    Removing usb.o(i.USBDMAChannelStatus), (16 bytes).
    Removing usb.o(i.USBDMAChannelStatusClear), (26 bytes).
    Removing usb.o(i.USBDMANumChannels), (10 bytes).
    Removing usb.o(i.USBDevAddrGet), (6 bytes).
    Removing usb.o(i.USBDevAddrSet), (4 bytes).
    Removing usb.o(i.USBDevConnect), (10 bytes).
    Removing usb.o(i.USBDevDisconnect), (10 bytes).
    Removing usb.o(i.USBDevEndpointConfigGet), (200 bytes).
    Removing usb.o(i.USBDevEndpointConfigSet), (174 bytes).
    Removing usb.o(i.USBDevEndpointDataAck), (44 bytes).
    Removing usb.o(i.USBDevEndpointStall), (68 bytes).
    Removing usb.o(i.USBDevEndpointStallClear), (92 bytes).
    Removing usb.o(i.USBDevEndpointStatusClear), (112 bytes).
    Removing usb.o(i.USBDevLPMConfig), (6 bytes).
    Removing usb.o(i.USBDevLPMDisable), (14 bytes).
    Removing usb.o(i.USBDevLPMEnable), (14 bytes).
    Removing usb.o(i.USBDevLPMRemoteWake), (14 bytes).
    Removing usb.o(i.USBDevMode), (8 bytes).
    Removing usb.o(i.USBDevSpeedGet), (18 bytes).
    Removing usb.o(i.USBEndpointDMAConfigSet), (112 bytes).
    Removing usb.o(i.USBEndpointDMADisable), (60 bytes).
    Removing usb.o(i.USBEndpointDMAEnable), (60 bytes).
    Removing usb.o(i.USBEndpointDataAvail), (34 bytes).
    Removing usb.o(i.USBEndpointDataGet), (82 bytes).
    Removing usb.o(i.USBEndpointDataPut), (54 bytes).
    Removing usb.o(i.USBEndpointDataSend), (58 bytes).
    Removing usb.o(i.USBEndpointDataToggleClear), (52 bytes).
    Removing usb.o(i.USBEndpointPacketCountSet), (18 bytes).
    Removing usb.o(i.USBEndpointStatus), (28 bytes).
    Removing usb.o(i.USBFIFOAddrGet), (12 bytes).
    Removing usb.o(i.USBFIFOConfigGet), (88 bytes).
    Removing usb.o(i.USBFIFOConfigSet), (92 bytes).
    Removing usb.o(i.USBFIFOFlush), (96 bytes).
    Removing usb.o(i.USBFrameNumberGet), (6 bytes).
    Removing usb.o(i.USBHighSpeed), (22 bytes).
    Removing usb.o(i.USBHostAddrGet), (32 bytes).
    Removing usb.o(i.USBHostAddrSet), (32 bytes).
    Removing usb.o(i.USBHostEndpointConfig), (298 bytes).
    Removing usb.o(i.USBHostEndpointDataAck), (40 bytes).
    Removing usb.o(i.USBHostEndpointDataToggle), (114 bytes).
    Removing usb.o(i.USBHostEndpointPing), (44 bytes).
    Removing usb.o(i.USBHostEndpointSpeed), (124 bytes).
    Removing usb.o(i.USBHostEndpointStatusClear), (56 bytes).
    Removing usb.o(i.USBHostHubAddrGet), (32 bytes).
    Removing usb.o(i.USBHostHubAddrSet), (68 bytes).
    Removing usb.o(i.USBHostLPMConfig), (22 bytes).
    Removing usb.o(i.USBHostLPMResume), (14 bytes).
    Removing usb.o(i.USBHostLPMSend), (36 bytes).
    Removing usb.o(i.USBHostMode), (8 bytes).
    Removing usb.o(i.USBHostPwrConfig), (24 bytes).
    Removing usb.o(i.USBHostPwrDisable), (14 bytes).
    Removing usb.o(i.USBHostPwrEnable), (14 bytes).
    Removing usb.o(i.USBHostPwrFaultDisable), (14 bytes).
    Removing usb.o(i.USBHostPwrFaultEnable), (14 bytes).
    Removing usb.o(i.USBHostRequestIN), (20 bytes).
    Removing usb.o(i.USBHostRequestINClear), (24 bytes).
    Removing usb.o(i.USBHostRequestStatus), (8 bytes).
    Removing usb.o(i.USBHostReset), (22 bytes).
    Removing usb.o(i.USBHostResume), (22 bytes).
    Removing usb.o(i.USBHostSpeedGet), (48 bytes).
    Removing usb.o(i.USBHostSuspend), (10 bytes).
    Removing usb.o(i.USBIntDisableControl), (40 bytes).
    Removing usb.o(i.USBIntDisableEndpoint), (20 bytes).
    Removing usb.o(i.USBIntEnableControl), (40 bytes).
    Removing usb.o(i.USBIntEnableEndpoint), (22 bytes).
    Removing usb.o(i.USBIntRegister), (30 bytes).
    Removing usb.o(i.USBIntStatusControl), (64 bytes).
    Removing usb.o(i.USBIntStatusEndpoint), (12 bytes).
    Removing usb.o(i.USBIntUnregister), (26 bytes).
    Removing usb.o(i.USBLPMEndpointGet), (12 bytes).
    Removing usb.o(i.USBLPMIntDisable), (12 bytes).
    Removing usb.o(i.USBLPMIntEnable), (12 bytes).
    Removing usb.o(i.USBLPMIntStatus), (8 bytes).
    Removing usb.o(i.USBLPMLinkStateGet), (12 bytes).
    Removing usb.o(i.USBLPMRemoteWakeEnabled), (20 bytes).
    Removing usb.o(i.USBModeConfig), (6 bytes).
    Removing usb.o(i.USBModeGet), (12 bytes).
    Removing usb.o(i.USBNumEndpointsGet), (12 bytes).
    Removing usb.o(i.USBOTGMode), (8 bytes).
    Removing usb.o(i.USBOTGSessionRequest), (30 bytes).
    Removing usb.o(i.USBPHYPowerOff), (10 bytes).
    Removing usb.o(i.USBPHYPowerOn), (10 bytes).
    Removing usb.o(i.USBULPIConfig), (6 bytes).
    Removing usb.o(i.USBULPIDisable), (14 bytes).
    Removing usb.o(i.USBULPIEnable), (14 bytes).
    Removing usb.o(i.USBULPIRegRead), (38 bytes).
    Removing usb.o(i.USBULPIRegWrite), (34 bytes).
    Removing usb.o(i._USBIndexRead), (22 bytes).
    Removing usb.o(i._USBIndexWrite), (22 bytes).
    Removing usb.o(i._USBIntNumberGet), (6 bytes).
    Removing watchdog.o(.rev16_text), (4 bytes).
    Removing watchdog.o(.revsh_text), (4 bytes).
    Removing watchdog.o(.rrx_text), (6 bytes).
    Removing watchdog.o(i.WatchdogEnable), (10 bytes).
    Removing watchdog.o(i.WatchdogIntClear), (6 bytes).
    Removing watchdog.o(i.WatchdogIntEnable), (10 bytes).
    Removing watchdog.o(i.WatchdogIntRegister), (22 bytes).
    Removing watchdog.o(i.WatchdogIntStatus), (12 bytes).
    Removing watchdog.o(i.WatchdogIntTypeSet), (12 bytes).
    Removing watchdog.o(i.WatchdogIntUnregister), (18 bytes).
    Removing watchdog.o(i.WatchdogLock), (8 bytes).
    Removing watchdog.o(i.WatchdogLockState), (16 bytes).
    Removing watchdog.o(i.WatchdogReloadGet), (6 bytes).
    Removing watchdog.o(i.WatchdogReloadSet), (4 bytes).
    Removing watchdog.o(i.WatchdogResetDisable), (10 bytes).
    Removing watchdog.o(i.WatchdogResetEnable), (10 bytes).
    Removing watchdog.o(i.WatchdogRunning), (10 bytes).
    Removing watchdog.o(i.WatchdogStallDisable), (14 bytes).
    Removing watchdog.o(i.WatchdogStallEnable), (14 bytes).
    Removing watchdog.o(i.WatchdogUnlock), (12 bytes).
    Removing watchdog.o(i.WatchdogValueGet), (6 bytes).
    Removing adc_u.o(.rev16_text), (4 bytes).
    Removing adc_u.o(.revsh_text), (4 bytes).
    Removing adc_u.o(.rrx_text), (6 bytes).
    Removing tim_u.o(.rev16_text), (4 bytes).
    Removing tim_u.o(.revsh_text), (4 bytes).
    Removing tim_u.o(.rrx_text), (6 bytes).
    Removing tim_u.o(i.TIM_Timeout_Interrup_Init), (112 bytes).
    Removing uart_1.o(.rev16_text), (4 bytes).
    Removing uart_1.o(.revsh_text), (4 bytes).
    Removing uart_1.o(.rrx_text), (6 bytes).
    Removing uart_1.o(i.UARTSend), (36 bytes).
    Removing uart_1.o(i.VOFA_SendADC_Buf), (240 bytes).
    Removing uart_1.o(i.VOFA_SendFFTMag), (156 bytes).
    Removing uart_1.o(i.VOFA_SendFloat), (138 bytes).
    Removing spi_u.o(.rev16_text), (4 bytes).
    Removing spi_u.o(.revsh_text), (4 bytes).
    Removing spi_u.o(.rrx_text), (6 bytes).
    Removing spi_u.o(i.SPI_W25Q46_CS), (36 bytes).
    Removing spi_u.o(i.SPI_W25Q46_Init), (216 bytes).
    Removing spi_u.o(i.SPI_W25Q46_SwapByte), (44 bytes).
    Removing spi_u.o(i.SSI0_Init), (256 bytes).
    Removing spi_u.o(i.SSI_DMA_Init), (140 bytes).
    Removing spi_u.o(.bss), (128 bytes).
    Removing main.o(.rev16_text), (4 bytes).
    Removing main.o(.revsh_text), (4 bytes).
    Removing main.o(.rrx_text), (6 bytes).
    Removing system_init.o(.rev16_text), (4 bytes).
    Removing system_init.o(.revsh_text), (4 bytes).
    Removing system_init.o(.rrx_text), (6 bytes).
    Removing delay.o(.rev16_text), (4 bytes).
    Removing delay.o(.revsh_text), (4 bytes).
    Removing delay.o(.rrx_text), (6 bytes).
    Removing delay.o(i.delay_ms), (18 bytes).
    Removing delay.o(i.delay_us), (16 bytes).
    Removing fft.o(.rev16_text), (4 bytes).
    Removing fft.o(.revsh_text), (4 bytes).
    Removing fft.o(.rrx_text), (6 bytes).
    Removing fft.o(i.GetAccurateMf), (240 bytes).
    Removing fft.o(i.Seek_Min), (70 bytes).
    Removing fft.o(i.Seek_Min1), (62 bytes).
    Removing fft.o(i.WhetherZeroDot), (128 bytes).
    Removing fft.o(i.WhetherZeroDot2), (140 bytes).
    Removing fft.o(i.guji_2ask), (200 bytes).
    Removing fft.o(i.guji_2fsk), (888 bytes).
    Removing fft.o(i.guji_2psk), (184 bytes).
    Removing fft.o(i.isFlatUsingDSP), (76 bytes).
    Removing fft.o(i.movmean_f32), (82 bytes).
    Removing fft.o(.data), (15 bytes).
    Removing w25q64.o(.rev16_text), (4 bytes).
    Removing w25q64.o(.revsh_text), (4 bytes).
    Removing w25q64.o(.rrx_text), (6 bytes).
    Removing w25q64.o(i.ParameterInit), (18 bytes).
    Removing w25q64.o(i.W25Q64_Init), (8 bytes).
    Removing w25q64.o(i.W25Q64_PageProgram), (80 bytes).
    Removing w25q64.o(i.W25Q64_ReadData), (72 bytes).
    Removing w25q64.o(i.W25Q64_ReadFloat), (110 bytes).
    Removing w25q64.o(i.W25Q64_ReadID), (66 bytes).
    Removing w25q64.o(i.W25Q64_SectorErase), (54 bytes).
    Removing w25q64.o(i.W25Q64_WaitBusy), (52 bytes).
    Removing w25q64.o(i.W25Q64_WriteEnable), (22 bytes).
    Removing w25q64.o(i.W25Q64_WriteFloat), (112 bytes).
    Removing arm_cmplx_mag_f32.o(.rev16_text), (4 bytes).
    Removing arm_cmplx_mag_f32.o(.revsh_text), (4 bytes).
    Removing arm_cmplx_mag_f32.o(.rrx_text), (6 bytes).
    Removing arm_cfft_f32.o(.rev16_text), (4 bytes).
    Removing arm_cfft_f32.o(.revsh_text), (4 bytes).
    Removing arm_cfft_f32.o(.rrx_text), (6 bytes).
    Removing arm_mean_f32.o(.rev16_text), (4 bytes).
    Removing arm_mean_f32.o(.revsh_text), (4 bytes).
    Removing arm_mean_f32.o(.rrx_text), (6 bytes).
    Removing arm_mean_f32.o(.text), (168 bytes).
    Removing arm_std_f32.o(.rev16_text), (4 bytes).
    Removing arm_std_f32.o(.revsh_text), (4 bytes).
    Removing arm_std_f32.o(.rrx_text), (6 bytes).
    Removing arm_std_f32.o(.text), (496 bytes).
    Removing arm_const_structs.o(.rev16_text), (4 bytes).
    Removing arm_const_structs.o(.revsh_text), (4 bytes).
    Removing arm_const_structs.o(.rrx_text), (6 bytes).
    Removing arm_const_structs.o(.constdata), (16 bytes).
    Removing arm_const_structs.o(.constdata), (16 bytes).
    Removing arm_const_structs.o(.constdata), (16 bytes).
    Removing arm_const_structs.o(.constdata), (16 bytes).
    Removing arm_const_structs.o(.constdata), (16 bytes).
    Removing arm_const_structs.o(.constdata), (16 bytes).
    Removing arm_const_structs.o(.constdata), (16 bytes).
    Removing arm_const_structs.o(.constdata), (16 bytes).
    Removing arm_const_structs.o(.constdata), (16 bytes).
    Removing arm_const_structs.o(.constdata), (16 bytes).
    Removing arm_const_structs.o(.constdata), (16 bytes).
    Removing arm_const_structs.o(.constdata), (16 bytes).
    Removing arm_const_structs.o(.constdata), (16 bytes).
    Removing arm_const_structs.o(.constdata), (16 bytes).
    Removing arm_const_structs.o(.constdata), (16 bytes).
    Removing arm_const_structs.o(.constdata), (16 bytes).
    Removing arm_const_structs.o(.constdata), (16 bytes).
    Removing arm_const_structs.o(.constdata), (16 bytes).
    Removing arm_const_structs.o(.constdata), (16 bytes).
    Removing arm_const_structs.o(.constdata), (16 bytes).
    Removing arm_const_structs.o(.constdata), (16 bytes).
    Removing arm_const_structs.o(.constdata), (16 bytes).
    Removing arm_const_structs.o(.constdata), (16 bytes).
    Removing arm_const_structs.o(.constdata), (16 bytes).
    Removing arm_const_structs.o(.constdata), (16 bytes).
    Removing arm_const_structs.o(.constdata), (16 bytes).
    Removing arm_cfft_radix8_f32.o(.rev16_text), (4 bytes).
    Removing arm_cfft_radix8_f32.o(.revsh_text), (4 bytes).
    Removing arm_cfft_radix8_f32.o(.rrx_text), (6 bytes).
    Removing arm_common_tables.o(.rev16_text), (4 bytes).
    Removing arm_common_tables.o(.revsh_text), (4 bytes).
    Removing arm_common_tables.o(.rrx_text), (6 bytes).
    Removing arm_common_tables.o(.constdata), (2048 bytes).
    Removing arm_common_tables.o(.constdata), (128 bytes).
    Removing arm_common_tables.o(.constdata), (256 bytes).
    Removing arm_common_tables.o(.constdata), (512 bytes).
    Removing arm_common_tables.o(.constdata), (1024 bytes).
    Removing arm_common_tables.o(.constdata), (2048 bytes).
    Removing arm_common_tables.o(.constdata), (4096 bytes).
    Removing arm_common_tables.o(.constdata), (8192 bytes).
    Removing arm_common_tables.o(.constdata), (16384 bytes).
    Removing arm_common_tables.o(.constdata), (96 bytes).
    Removing arm_common_tables.o(.constdata), (192 bytes).
    Removing arm_common_tables.o(.constdata), (384 bytes).
    Removing arm_common_tables.o(.constdata), (768 bytes).
    Removing arm_common_tables.o(.constdata), (1536 bytes).
    Removing arm_common_tables.o(.constdata), (3072 bytes).
    Removing arm_common_tables.o(.constdata), (6144 bytes).
    Removing arm_common_tables.o(.constdata), (12288 bytes).
    Removing arm_common_tables.o(.constdata), (24576 bytes).
    Removing arm_common_tables.o(.constdata), (48 bytes).
    Removing arm_common_tables.o(.constdata), (96 bytes).
    Removing arm_common_tables.o(.constdata), (192 bytes).
    Removing arm_common_tables.o(.constdata), (384 bytes).
    Removing arm_common_tables.o(.constdata), (768 bytes).
    Removing arm_common_tables.o(.constdata), (1536 bytes).
    Removing arm_common_tables.o(.constdata), (3072 bytes).
    Removing arm_common_tables.o(.constdata), (6144 bytes).
    Removing arm_common_tables.o(.constdata), (12288 bytes).
    Removing arm_common_tables.o(.constdata), (128 bytes).
    Removing arm_common_tables.o(.constdata), (256 bytes).
    Removing arm_common_tables.o(.constdata), (40 bytes).
    Removing arm_common_tables.o(.constdata), (96 bytes).
    Removing arm_common_tables.o(.constdata), (112 bytes).
    Removing arm_common_tables.o(.constdata), (416 bytes).
    Removing arm_common_tables.o(.constdata), (880 bytes).
    Removing arm_common_tables.o(.constdata), (896 bytes).
    Removing arm_common_tables.o(.constdata), (3600 bytes).
    Removing arm_common_tables.o(.constdata), (7616 bytes).
    Removing arm_common_tables.o(.constdata), (24 bytes).
    Removing arm_common_tables.o(.constdata), (48 bytes).
    Removing arm_common_tables.o(.constdata), (112 bytes).
    Removing arm_common_tables.o(.constdata), (224 bytes).
    Removing arm_common_tables.o(.constdata), (480 bytes).
    Removing arm_common_tables.o(.constdata), (960 bytes).
    Removing arm_common_tables.o(.constdata), (1984 bytes).
    Removing arm_common_tables.o(.constdata), (3968 bytes).
    Removing arm_common_tables.o(.constdata), (8064 bytes).
    Removing arm_common_tables.o(.constdata), (128 bytes).
    Removing arm_common_tables.o(.constdata), (256 bytes).
    Removing arm_common_tables.o(.constdata), (512 bytes).
    Removing arm_common_tables.o(.constdata), (1024 bytes).
    Removing arm_common_tables.o(.constdata), (2048 bytes).
    Removing arm_common_tables.o(.constdata), (4096 bytes).
    Removing arm_common_tables.o(.constdata), (8192 bytes).
    Removing arm_common_tables.o(.constdata), (16384 bytes).
    Removing arm_common_tables.o(.constdata), (2052 bytes).
    Removing arm_common_tables.o(.constdata), (2052 bytes).
    Removing arm_common_tables.o(.constdata), (1026 bytes).
    Removing fpstat.o(.text), (4 bytes).

1139 unused section(s) (total 211505 bytes) removed from the image.

==============================================================================

Image Symbol Table

    Local Symbols

    Symbol Name                              Value     Ov Type        Size  Object(Section)

    RESET                                    0x00000000   Section      508  startup_msp432e401y_uvision.o(RESET)
    ../clib/../cmprslib/zerorunl.c           0x00000000   Number         0  __dczerorl.o ABSOLUTE
    ../clib/microlib/ctype/ctype.c           0x00000000   Number         0  isspace_c.o ABSOLUTE
    ../clib/microlib/ctype/ctype.c           0x00000000   Number         0  ctype_c.o ABSOLUTE
    ../clib/microlib/errno.c                 0x00000000   Number         0  errno.o ABSOLUTE
    ../clib/microlib/init/entry.s            0x00000000   Number         0  entry9b.o ABSOLUTE
    ../clib/microlib/init/entry.s            0x00000000   Number         0  entry10a.o ABSOLUTE
    ../clib/microlib/init/entry.s            0x00000000   Number         0  entry12b.o ABSOLUTE
    ../clib/microlib/init/entry.s            0x00000000   Number         0  entry12a.o ABSOLUTE
    ../clib/microlib/init/entry.s            0x00000000   Number         0  entry11b.o ABSOLUTE
    ../clib/microlib/init/entry.s            0x00000000   Number         0  entry11a.o ABSOLUTE
    ../clib/microlib/init/entry.s            0x00000000   Number         0  entry10b.o ABSOLUTE
    ../clib/microlib/init/entry.s            0x00000000   Number         0  entry8a.o ABSOLUTE
    ../clib/microlib/init/entry.s            0x00000000   Number         0  entry8b.o ABSOLUTE
    ../clib/microlib/init/entry.s            0x00000000   Number         0  entry7b.o ABSOLUTE
    ../clib/microlib/init/entry.s            0x00000000   Number         0  entry9a.o ABSOLUTE
    ../clib/microlib/init/entry.s            0x00000000   Number         0  entry7a.o ABSOLUTE
    ../clib/microlib/init/entry.s            0x00000000   Number         0  entry5.o ABSOLUTE
    ../clib/microlib/init/entry.s            0x00000000   Number         0  entry2.o ABSOLUTE
    ../clib/microlib/init/entry.s            0x00000000   Number         0  entry.o ABSOLUTE
    ../clib/microlib/longlong.c              0x00000000   Number         0  llsshr.o ABSOLUTE
    ../clib/microlib/longlong.c              0x00000000   Number         0  llshl.o ABSOLUTE
    ../clib/microlib/longlong.c              0x00000000   Number         0  llushr.o ABSOLUTE
    ../clib/microlib/stubs.s                 0x00000000   Number         0  iusefp.o ABSOLUTE
    ../clib/scanf.c                          0x00000000   Number         0  _sgetc.o ABSOLUTE
    ../clib/scanf.c                          0x00000000   Number         0  scanf_fp.o ABSOLUTE
    ../clib/scanf.c                          0x00000000   Number         0  strtod.o ABSOLUTE
    ../fplib/microlib/d2f.c                  0x00000000   Number         0  d2f.o ABSOLUTE
    ../fplib/microlib/f2d.c                  0x00000000   Number         0  f2d.o ABSOLUTE
    ../fplib/microlib/fpadd.c                0x00000000   Number         0  dadd.o ABSOLUTE
    ../fplib/microlib/fpadd.c                0x00000000   Number         0  fadd.o ABSOLUTE
    ../fplib/microlib/fpdiv.c                0x00000000   Number         0  fdiv.o ABSOLUTE
    ../fplib/microlib/fpdiv.c                0x00000000   Number         0  ddiv.o ABSOLUTE
    ../fplib/microlib/fpepilogue.c           0x00000000   Number         0  depilogue.o ABSOLUTE
    ../fplib/microlib/fpepilogue.c           0x00000000   Number         0  fepilogue.o ABSOLUTE
    ../fplib/microlib/fpfix.c                0x00000000   Number         0  dfixui.o ABSOLUTE
    ../fplib/microlib/fpflt.c                0x00000000   Number         0  ffltui.o ABSOLUTE
    ../fplib/microlib/fpflt.c                0x00000000   Number         0  dfltul.o ABSOLUTE
    ../fplib/microlib/fpflt.c                0x00000000   Number         0  dflti.o ABSOLUTE
    ../fplib/microlib/fpflt.c                0x00000000   Number         0  dfltui.o ABSOLUTE
    ../fplib/microlib/fpmul.c                0x00000000   Number         0  dmul.o ABSOLUTE
    ../fplib/microlib/fpmul.c                0x00000000   Number         0  fmul.o ABSOLUTE
    ../fplib/microlib/fprnd.c                0x00000000   Number         0  drnd.o ABSOLUTE
    ../fplib/microlib/fpstat.c               0x00000000   Number         0  fpstat.o ABSOLUTE
    ../mathlib/atof.c                        0x00000000   Number         0  atof.o ABSOLUTE
    ../mathlib/fpclassifyf.c                 0x00000000   Number         0  fpclassifyf.o ABSOLUTE
    ../mathlib/funder.c                      0x00000000   Number         0  funder.o ABSOLUTE
    ../mathlib/powf.c                        0x00000000   Number         0  powf_x.o ABSOLUTE
    ../mathlib/powf.c                        0x00000000   Number         0  powf.o ABSOLUTE
    ../mathlib/round.c                       0x00000000   Number         0  round.o ABSOLUTE
    ../mathlib/sqrtf.c                       0x00000000   Number         0  sqrtf.o ABSOLUTE
    ../mathlib/sqrtf.c                       0x00000000   Number         0  sqrtf_x.o ABSOLUTE
    ..\CommonTables\arm_common_tables.c      0x00000000   Number         0  arm_common_tables.o ABSOLUTE
    ..\CommonTables\arm_const_structs.c      0x00000000   Number         0  arm_const_structs.o ABSOLUTE
    ..\ComplexMathFunctions\arm_cmplx_mag_f32.c 0x00000000   Number         0  arm_cmplx_mag_f32.o ABSOLUTE
    ..\StatisticsFunctions\arm_mean_f32.c    0x00000000   Number         0  arm_mean_f32.o ABSOLUTE
    ..\StatisticsFunctions\arm_std_f32.c     0x00000000   Number         0  arm_std_f32.o ABSOLUTE
    ..\TransformFunctions\arm_cfft_f32.c     0x00000000   Number         0  arm_cfft_f32.o ABSOLUTE
    ..\TransformFunctions\arm_cfft_radix8_f32.c 0x00000000   Number         0  arm_cfft_radix8_f32.o ABSOLUTE
    ..\\CommonTables\\arm_common_tables.c    0x00000000   Number         0  arm_common_tables.o ABSOLUTE
    ..\\CommonTables\\arm_const_structs.c    0x00000000   Number         0  arm_const_structs.o ABSOLUTE
    ..\\ComplexMathFunctions\\arm_cmplx_mag_f32.c 0x00000000   Number         0  arm_cmplx_mag_f32.o ABSOLUTE
    ..\\StatisticsFunctions\\arm_mean_f32.c  0x00000000   Number         0  arm_mean_f32.o ABSOLUTE
    ..\\StatisticsFunctions\\arm_std_f32.c   0x00000000   Number         0  arm_std_f32.o ABSOLUTE
    ..\\TransformFunctions\\arm_bitreversal2.S 0x00000000   Number         0  arm_bitreversal2.o ABSOLUTE
    ..\\TransformFunctions\\arm_cfft_f32.c   0x00000000   Number         0  arm_cfft_f32.o ABSOLUTE
    ..\\TransformFunctions\\arm_cfft_radix8_f32.c 0x00000000   Number         0  arm_cfft_radix8_f32.o ABSOLUTE
    Hardware\ADC_u.c                         0x00000000   Number         0  adc_u.o ABSOLUTE
    Hardware\SPI_u.c                         0x00000000   Number         0  spi_u.o ABSOLUTE
    Hardware\TIM_u.c                         0x00000000   Number         0  tim_u.o ABSOLUTE
    Hardware\Uart.c                          0x00000000   Number         0  uart_1.o ABSOLUTE
    Hardware\\ADC_u.c                        0x00000000   Number         0  adc_u.o ABSOLUTE
    Hardware\\SPI_u.c                        0x00000000   Number         0  spi_u.o ABSOLUTE
    Hardware\\TIM_u.c                        0x00000000   Number         0  tim_u.o ABSOLUTE
    Hardware\\Uart.c                         0x00000000   Number         0  uart_1.o ABSOLUTE
    Libarary\\adc.c                          0x00000000   Number         0  adc.o ABSOLUTE
    Libarary\\aes.c                          0x00000000   Number         0  aes.o ABSOLUTE
    Libarary\\can.c                          0x00000000   Number         0  can.o ABSOLUTE
    Libarary\\comp.c                         0x00000000   Number         0  comp.o ABSOLUTE
    Libarary\\cpu.c                          0x00000000   Number         0  cpu.o ABSOLUTE
    Libarary\\crc.c                          0x00000000   Number         0  crc.o ABSOLUTE
    Libarary\\des.c                          0x00000000   Number         0  des.o ABSOLUTE
    Libarary\\emac.c                         0x00000000   Number         0  emac.o ABSOLUTE
    Libarary\\epi.c                          0x00000000   Number         0  epi.o ABSOLUTE
    Libarary\\gpio.c                         0x00000000   Number         0  gpio.o ABSOLUTE
    Libarary\\i2c.c                          0x00000000   Number         0  i2c.o ABSOLUTE
    Libarary\\lcd.c                          0x00000000   Number         0  lcd.o ABSOLUTE
    Libarary\\mpu.c                          0x00000000   Number         0  mpu.o ABSOLUTE
    Libarary\\onewire.c                      0x00000000   Number         0  onewire.o ABSOLUTE
    Libarary\\pwm.c                          0x00000000   Number         0  pwm.o ABSOLUTE
    Libarary\\qei.c                          0x00000000   Number         0  qei.o ABSOLUTE
    Libarary\\shamd5.c                       0x00000000   Number         0  shamd5.o ABSOLUTE
    Libarary\\ssi.c                          0x00000000   Number         0  ssi.o ABSOLUTE
    Libarary\\sysctl.c                       0x00000000   Number         0  sysctl.o ABSOLUTE
    Libarary\\timer.c                        0x00000000   Number         0  timer.o ABSOLUTE
    Libarary\\uart.c                         0x00000000   Number         0  uart.o ABSOLUTE
    Libarary\\usb.c                          0x00000000   Number         0  usb.o ABSOLUTE
    Libarary\\watchdog.c                     0x00000000   Number         0  watchdog.o ABSOLUTE
    Libarary\adc.c                           0x00000000   Number         0  adc.o ABSOLUTE
    Libarary\aes.c                           0x00000000   Number         0  aes.o ABSOLUTE
    Libarary\can.c                           0x00000000   Number         0  can.o ABSOLUTE
    Libarary\comp.c                          0x00000000   Number         0  comp.o ABSOLUTE
    Libarary\cpu.c                           0x00000000   Number         0  cpu.o ABSOLUTE
    Libarary\crc.c                           0x00000000   Number         0  crc.o ABSOLUTE
    Libarary\des.c                           0x00000000   Number         0  des.o ABSOLUTE
    Libarary\eeprom.c                        0x00000000   Number         0  eeprom.o ABSOLUTE
    Libarary\emac.c                          0x00000000   Number         0  emac.o ABSOLUTE
    Libarary\epi.c                           0x00000000   Number         0  epi.o ABSOLUTE
    Libarary\flash.c                         0x00000000   Number         0  flash.o ABSOLUTE
    Libarary\fpu.c                           0x00000000   Number         0  fpu.o ABSOLUTE
    Libarary\gpio.c                          0x00000000   Number         0  gpio.o ABSOLUTE
    Libarary\hibernate.c                     0x00000000   Number         0  hibernate.o ABSOLUTE
    Libarary\i2c.c                           0x00000000   Number         0  i2c.o ABSOLUTE
    Libarary\interrupt.c                     0x00000000   Number         0  interrupt.o ABSOLUTE
    Libarary\lcd.c                           0x00000000   Number         0  lcd.o ABSOLUTE
    Libarary\mpu.c                           0x00000000   Number         0  mpu.o ABSOLUTE
    Libarary\onewire.c                       0x00000000   Number         0  onewire.o ABSOLUTE
    Libarary\pwm.c                           0x00000000   Number         0  pwm.o ABSOLUTE
    Libarary\qei.c                           0x00000000   Number         0  qei.o ABSOLUTE
    Libarary\shamd5.c                        0x00000000   Number         0  shamd5.o ABSOLUTE
    Libarary\ssi.c                           0x00000000   Number         0  ssi.o ABSOLUTE
    Libarary\sw_crc.c                        0x00000000   Number         0  sw_crc.o ABSOLUTE
    Libarary\sysctl.c                        0x00000000   Number         0  sysctl.o ABSOLUTE
    Libarary\sysexc.c                        0x00000000   Number         0  sysexc.o ABSOLUTE
    Libarary\systick.c                       0x00000000   Number         0  systick.o ABSOLUTE
    Libarary\timer.c                         0x00000000   Number         0  timer.o ABSOLUTE
    Libarary\uart.c                          0x00000000   Number         0  uart.o ABSOLUTE
    Libarary\udma.c                          0x00000000   Number         0  udma.o ABSOLUTE
    Libarary\usb.c                           0x00000000   Number         0  usb.o ABSOLUTE
    Libarary\watchdog.c                      0x00000000   Number         0  watchdog.o ABSOLUTE
    User\W25Q64.c                            0x00000000   Number         0  w25q64.o ABSOLUTE
    User\\W25Q64.c                           0x00000000   Number         0  w25q64.o ABSOLUTE
    User\\delay.c                            0x00000000   Number         0  delay.o ABSOLUTE
    User\\fft.c                              0x00000000   Number         0  fft.o ABSOLUTE
    User\\main.c                             0x00000000   Number         0  main.o ABSOLUTE
    User\\system_init.c                      0x00000000   Number         0  system_init.o ABSOLUTE
    User\beseel.c                            0x00000000   Number         0  beseel.o ABSOLUTE
    User\delay.c                             0x00000000   Number         0  delay.o ABSOLUTE
    User\fft.c                               0x00000000   Number         0  fft.o ABSOLUTE
    User\hamming.c                           0x00000000   Number         0  hamming.o ABSOLUTE
    User\main.c                              0x00000000   Number         0  main.o ABSOLUTE
    User\system_init.c                       0x00000000   Number         0  system_init.o ABSOLUTE
    cdcmple.s                                0x00000000   Number         0  cdcmple.o ABSOLUTE
    cdrcmple.s                               0x00000000   Number         0  cdrcmple.o ABSOLUTE
    dc.s                                     0x00000000   Number         0  dc.o ABSOLUTE
    handlers.s                               0x00000000   Number         0  handlers.o ABSOLUTE
    init.s                                   0x00000000   Number         0  init.o ABSOLUTE
    source\\system_msp432e401y.c             0x00000000   Number         0  system_msp432e401y.o ABSOLUTE
    source\startup_msp432e401y_uvision.s     0x00000000   Number         0  startup_msp432e401y_uvision.o ABSOLUTE
    source\system_msp432e401y.c              0x00000000   Number         0  system_msp432e401y.o ABSOLUTE
    . text                                   0x000001fc   Section      192  arm_bitreversal2.o(. text)
    .ARM.Collect$$$$00000000                 0x000002bc   Section        0  entry.o(.ARM.Collect$$$$00000000)
    .ARM.Collect$$$$00000001                 0x000002bc   Section        4  entry2.o(.ARM.Collect$$$$00000001)
    .ARM.Collect$$$$00000004                 0x000002c0   Section        4  entry5.o(.ARM.Collect$$$$00000004)
    .ARM.Collect$$$$00000008                 0x000002c4   Section        0  entry7b.o(.ARM.Collect$$$$00000008)
    .ARM.Collect$$$$0000000A                 0x000002c4   Section        0  entry8b.o(.ARM.Collect$$$$0000000A)
    .ARM.Collect$$$$0000000B                 0x000002c4   Section        8  entry9a.o(.ARM.Collect$$$$0000000B)
    .ARM.Collect$$$$0000000E                 0x000002cc   Section        4  entry12b.o(.ARM.Collect$$$$0000000E)
    .ARM.Collect$$$$0000000F                 0x000002d0   Section        0  entry10a.o(.ARM.Collect$$$$0000000F)
    .ARM.Collect$$$$00000011                 0x000002d0   Section        0  entry11a.o(.ARM.Collect$$$$00000011)
    .ARM.Collect$$$$00002712                 0x000002d0   Section        4  entry2.o(.ARM.Collect$$$$00002712)
    __lit__00000000                          0x000002d0   Data           4  entry2.o(.ARM.Collect$$$$00002712)
    .text                                    0x000002d4   Section       36  startup_msp432e401y_uvision.o(.text)
    $v0                                      0x000002d4   Number         0  startup_msp432e401y_uvision.o(.text)
    .text                                    0x000002f8   Section        0  arm_cmplx_mag_f32.o(.text)
    .text                                    0x00000420   Section        0  arm_cfft_f32.o(.text)
    .text                                    0x00000e54   Section        0  arm_cfft_radix8_f32.o(.text)
    .text                                    0x000016cc   Section        0  fadd.o(.text)
    .text                                    0x0000177c   Section        0  fmul.o(.text)
    .text                                    0x000017e0   Section        0  fdiv.o(.text)
    .text                                    0x0000185c   Section        0  dmul.o(.text)
    .text                                    0x00001940   Section        0  ddiv.o(.text)
    .text                                    0x00001a1e   Section        0  ffltui.o(.text)
    .text                                    0x00001a28   Section        0  dflti.o(.text)
    .text                                    0x00001a4a   Section        0  dfltui.o(.text)
    .text                                    0x00001a64   Section        0  dfixui.o(.text)
    .text                                    0x00001a96   Section        0  f2d.o(.text)
    .text                                    0x00001abc   Section        0  d2f.o(.text)
    .text                                    0x00001af4   Section        0  llushr.o(.text)
    .text                                    0x00001b14   Section        0  strtod.o(.text)
    _local_sscanf                            0x00001b15   Thumb Code    54  strtod.o(.text)
    .text                                    0x00001bb0   Section        0  iusefp.o(.text)
    .text                                    0x00001bb0   Section        0  fepilogue.o(.text)
    .text                                    0x00001c1e   Section        0  depilogue.o(.text)
    .text                                    0x00001cd8   Section        0  dadd.o(.text)
    .text                                    0x00001e28   Section        0  drnd.o(.text)
    .text                                    0x00001eb0   Section       48  cdcmple.o(.text)
    .text                                    0x00001ee0   Section       48  cdrcmple.o(.text)
    .text                                    0x00001f10   Section       36  init.o(.text)
    .text                                    0x00001f34   Section        0  llshl.o(.text)
    .text                                    0x00001f52   Section        0  llsshr.o(.text)
    .text                                    0x00001f76   Section        0  isspace_c.o(.text)
    .text                                    0x00001f80   Section        0  scanf_fp.o(.text)
    _fp_value                                0x00001f81   Thumb Code   296  scanf_fp.o(.text)
    .text                                    0x000022e0   Section        0  _sgetc.o(.text)
    .text                                    0x00002320   Section        0  ctype_c.o(.text)
    .text                                    0x00002348   Section        0  dfltul.o(.text)
    .text                                    0x00002360   Section        0  __dczerorl.o(.text)
    i.ADC0SS2_IRQHandler                     0x0000239c   Section        0  adc_u.o(i.ADC0SS2_IRQHandler)
    i.ADCIntClearEx                          0x00002428   Section        0  adc.o(i.ADCIntClearEx)
    i.ADCSequenceStepConfigure               0x0000242c   Section        0  adc.o(i.ADCSequenceStepConfigure)
    i.ADC_Change_freq                        0x000024b4   Section        0  adc_u.o(i.ADC_Change_freq)
    i.ADC_SimpleInit                         0x000025a0   Section        0  adc_u.o(i.ADC_SimpleInit)
    i.ADC_TimerStart                         0x000026ec   Section        0  adc_u.o(i.ADC_TimerStart)
    i.ADC_TimerStop                          0x00002744   Section        0  adc_u.o(i.ADC_TimerStop)
    i.DMA_UART_RX_Init                       0x00002774   Section        0  uart_1.o(i.DMA_UART_RX_Init)
    i.FPGA_SendType                          0x000027f4   Section        0  uart_1.o(i.FPGA_SendType)
    i.IntRegister                            0x00002818   Section        0  interrupt.o(i.IntRegister)
    i.Myfft                                  0x00002854   Section        0  fft.o(i.Myfft)
    i.ProcessData                            0x000029b0   Section        0  uart_1.o(i.ProcessData)
    i.SSI0_IRQHandler                        0x00002a4c   Section        0  spi_u.o(i.SSI0_IRQHandler)
    i.Seek_Max                               0x00002a9c   Section        0  fft.o(i.Seek_Max)
    i.Seek_Max0                              0x00002ae2   Section        0  fft.o(i.Seek_Max0)
    i.Seek_Max1                              0x00002b24   Section        0  fft.o(i.Seek_Max1)
    i.Seek_Max2                              0x00002b60   Section        0  fft.o(i.Seek_Max2)
    i.SysCtlClockFreqSet                     0x00002ba0   Section        0  sysctl.o(i.SysCtlClockFreqSet)
    i.SysCtlPeripheralReady                  0x00002e48   Section        0  sysctl.o(i.SysCtlPeripheralReady)
    i.SysTickEnable                          0x00002e80   Section        0  systick.o(i.SysTickEnable)
    i.SysTickIntEnable                       0x00002e92   Section        0  systick.o(i.SysTickIntEnable)
    i.SysTickIntRegister                     0x00002ea4   Section        0  systick.o(i.SysTickIntRegister)
    i.SysTickPeriodSet                       0x00002ec2   Section        0  systick.o(i.SysTickPeriodSet)
    i.SysTick_Handler                        0x00002ecc   Section        0  system_init.o(i.SysTick_Handler)
    i.SystemInit                             0x00002ed0   Section        0  system_msp432e401y.o(i.SystemInit)
    i.TIMER1A_IRQHandler                     0x00002ef0   Section        0  tim_u.o(i.TIMER1A_IRQHandler)
    i.TIM_TriggerADC_Init                    0x00002f08   Section        0  tim_u.o(i.TIM_TriggerADC_Init)
    i.TimerControlTrigger                    0x00002f7c   Section        0  timer.o(i.TimerControlTrigger)
    i.TimerLoadSet                           0x00002fa8   Section        0  timer.o(i.TimerLoadSet)
    i.UART0_IRQHandler                       0x00002fb8   Section        0  uart_1.o(i.UART0_IRQHandler)
    i.UART7_IRQHandler                       0x00003004   Section        0  uart_1.o(i.UART7_IRQHandler)
    i.UART_Init                              0x000030ac   Section        0  uart_1.o(i.UART_Init)
    i.VOFA_SendData                          0x00003154   Section        0  uart_1.o(i.VOFA_SendData)
    i.VOFA_init                              0x00003290   Section        0  uart_1.o(i.VOFA_init)
    i._SysCtlFrequencyGet                    0x00003320   Section        0  sysctl.o(i._SysCtlFrequencyGet)
    _SysCtlFrequencyGet                      0x00003321   Thumb Code    96  sysctl.o(i._SysCtlFrequencyGet)
    i._SysCtlMemTimingGet                    0x00003384   Section        0  sysctl.o(i._SysCtlMemTimingGet)
    _SysCtlMemTimingGet                      0x00003385   Thumb Code    36  sysctl.o(i._SysCtlMemTimingGet)
    i.__hardfp_atof                          0x000033b0   Section        0  atof.o(i.__hardfp_atof)
    i.__hardfp_round                         0x000033e8   Section        0  round.o(i.__hardfp_round)
    i.__read_errno                           0x000034c8   Section        0  errno.o(i.__read_errno)
    i.__scatterload_copy                     0x000034d4   Section       14  handlers.o(i.__scatterload_copy)
    i.__scatterload_null                     0x000034e2   Section        2  handlers.o(i.__scatterload_null)
    i.__scatterload_zeroinit                 0x000034e4   Section       14  handlers.o(i.__scatterload_zeroinit)
    i.__set_errno                            0x000034f4   Section        0  errno.o(i.__set_errno)
    i._is_digit                              0x00003500   Section        0  scanf_fp.o(i._is_digit)
    i.binarySearchDescending                 0x0000350e   Section        0  fft.o(i.binarySearchDescending)
    i.find_min_index_diff_above_threshold    0x00003574   Section        0  fft.o(i.find_min_index_diff_above_threshold)
    i.guji_2ask_2                            0x000035c0   Section        0  fft.o(i.guji_2ask_2)
    i.guji_2fsk_2                            0x000036e0   Section        0  fft.o(i.guji_2fsk_2)
    i.guji_2psk_2                            0x0000382c   Section        0  fft.o(i.guji_2psk_2)
    i.guji_mf                                0x000038e4   Section        0  fft.o(i.guji_mf)
    i.main                                   0x0000398c   Section        0  main.o(i.main)
    i.shibie_2ask                            0x00003c8c   Section        0  fft.o(i.shibie_2ask)
    i.shibie_2fskor2psk                      0x00003d04   Section        0  fft.o(i.shibie_2fskor2psk)
    i.shibie_basic                           0x00003e14   Section        0  fft.o(i.shibie_basic)
    i.sqrtf                                  0x00003f5c   Section        0  sqrtf.o(i.sqrtf)
    i.sys_init                               0x00003f9c   Section        0  system_init.o(i.sys_init)
    i.uDMAChannelEnable                      0x00003fd4   Section        0  udma.o(i.uDMAChannelEnable)
    .constdata                               0x00003fe8   Section      528  sysctl.o(.constdata)
    g_pui32Xtals                             0x00003fe8   Data          40  sysctl.o(.constdata)
    g_pppui32XTALtoVCO                       0x00004010   Data         432  sysctl.o(.constdata)
    g_sXTALtoMEMTIM                          0x000041c0   Data          48  sysctl.o(.constdata)
    g_pui32VCOFrequencies                    0x000041f0   Data           8  sysctl.o(.constdata)
    .constdata                               0x000041f8   Section     1620  beseel.o(.constdata)
    .constdata                               0x0000484c   Section    16384  hamming.o(.constdata)
    .constdata                               0x0000884c   Section       16  arm_const_structs.o(.constdata)
    .constdata                               0x0000885c   Section    32768  arm_common_tables.o(.constdata)
    .constdata                               0x0001085c   Section     8064  arm_common_tables.o(.constdata)
    .constdata                               0x000127dc   Section       64  ctype_c.o(.constdata)
    .data                                    0x20000000   Section        4  system_msp432e401y.o(.data)
    .data                                    0x20000004   Section        8  adc_u.o(.data)
    .data                                    0x2000000c   Section       30  uart_1.o(.data)
    .data                                    0x2000002c   Section       26  main.o(.data)
    .data                                    0x20000048   Section        4  system_init.o(.data)
    .data                                    0x2000004c   Section        4  errno.o(.data)
    _errno                                   0x2000004c   Data           4  errno.o(.data)
    vtable                                   0x20000400   Section      620  interrupt.o(vtable)
    g_pfnRAMVectors                          0x20000400   Data         620  interrupt.o(vtable)
    .bss                                     0x20000800   Section     9216  adc_u.o(.bss)
    .bss                                     0x20002c00   Section     2560  uart_1.o(.bss)
    .bss                                     0x20003600   Section      572  main.o(.bss)
    .bss                                     0x2000383c   Section    49188  fft.o(.bss)
    STACK                                    0x2000f860   Section      512  startup_msp432e401y_uvision.o(STACK)

    Global Symbols

    Symbol Name                              Value     Ov Type        Size  Object(Section)

    BuildAttributes$$THM_ISAv4$E$P$D$K$B$S$7EM$VFPi3$EXTD16$VFPS$VFMA$PE$A:L22UL41UL21$X:L11$S22US41US21$IEEE1$IW$USESV6$~STKCKD$USESV7$~SHL$OTIME$ROPI$IEEEX$EBA8$MICROLIB$REQ8$PRES8$EABIv2 0x00000000   Number         0  anon$$obj.o ABSOLUTE
    __ARM_use_no_argv                        0x00000000   Number         0  main.o ABSOLUTE
    __Vectors                                0x00000000   Data           4  startup_msp432e401y_uvision.o(RESET)
    __arm_fini_                               - Undefined Weak Reference
    __cpp_initialize__aeabi_                  - Undefined Weak Reference
    __cxa_finalize                            - Undefined Weak Reference
    _clock_init                               - Undefined Weak Reference
    _microlib_exit                            - Undefined Weak Reference
    __Vectors_End                            0x000001fc   Data           0  startup_msp432e401y_uvision.o(RESET)
    __Vectors_Size                           0x000001fc   Number         0  startup_msp432e401y_uvision.o ABSOLUTE
    arm_bitreversal_32                       0x000001fd   Thumb Code   106  arm_bitreversal2.o(. text)
    arm_bitreversal_16                       0x00000267   Thumb Code    86  arm_bitreversal2.o(. text)
    __main                                   0x000002bd   Thumb Code     0  entry.o(.ARM.Collect$$$$00000000)
    _main_stk                                0x000002bd   Thumb Code     0  entry2.o(.ARM.Collect$$$$00000001)
    _main_scatterload                        0x000002c1   Thumb Code     0  entry5.o(.ARM.Collect$$$$00000004)
    __main_after_scatterload                 0x000002c5   Thumb Code     0  entry5.o(.ARM.Collect$$$$00000004)
    _main_clock                              0x000002c5   Thumb Code     0  entry7b.o(.ARM.Collect$$$$00000008)
    _main_cpp_init                           0x000002c5   Thumb Code     0  entry8b.o(.ARM.Collect$$$$0000000A)
    _main_init                               0x000002c5   Thumb Code     0  entry9a.o(.ARM.Collect$$$$0000000B)
    __rt_lib_shutdown_fini                   0x000002cd   Thumb Code     0  entry12b.o(.ARM.Collect$$$$0000000E)
    __rt_final_cpp                           0x000002d1   Thumb Code     0  entry10a.o(.ARM.Collect$$$$0000000F)
    __rt_final_exit                          0x000002d1   Thumb Code     0  entry11a.o(.ARM.Collect$$$$00000011)
    Reset_Handler                            0x000002d5   Thumb Code     8  startup_msp432e401y_uvision.o(.text)
    NMI_Handler                              0x000002dd   Thumb Code     2  startup_msp432e401y_uvision.o(.text)
    HardFault_Handler                        0x000002df   Thumb Code     2  startup_msp432e401y_uvision.o(.text)
    MemManage_Handler                        0x000002e1   Thumb Code     2  startup_msp432e401y_uvision.o(.text)
    BusFault_Handler                         0x000002e3   Thumb Code     2  startup_msp432e401y_uvision.o(.text)
    UsageFault_Handler                       0x000002e5   Thumb Code     2  startup_msp432e401y_uvision.o(.text)
    SVC_Handler                              0x000002e7   Thumb Code     2  startup_msp432e401y_uvision.o(.text)
    DebugMon_Handler                         0x000002e9   Thumb Code     2  startup_msp432e401y_uvision.o(.text)
    PendSV_Handler                           0x000002eb   Thumb Code     2  startup_msp432e401y_uvision.o(.text)
    ADC0SS0_IRQHandler                       0x000002ef   Thumb Code     0  startup_msp432e401y_uvision.o(.text)
    ADC0SS1_IRQHandler                       0x000002ef   Thumb Code     0  startup_msp432e401y_uvision.o(.text)
    ADC0SS3_IRQHandler                       0x000002ef   Thumb Code     0  startup_msp432e401y_uvision.o(.text)
    ADC1SS0_IRQHandler                       0x000002ef   Thumb Code     0  startup_msp432e401y_uvision.o(.text)
    ADC1SS1_IRQHandler                       0x000002ef   Thumb Code     0  startup_msp432e401y_uvision.o(.text)
    ADC1SS2_IRQHandler                       0x000002ef   Thumb Code     0  startup_msp432e401y_uvision.o(.text)
    ADC1SS3_IRQHandler                       0x000002ef   Thumb Code     0  startup_msp432e401y_uvision.o(.text)
    AES0_IRQHandler                          0x000002ef   Thumb Code     0  startup_msp432e401y_uvision.o(.text)
    CAN0_IRQHandler                          0x000002ef   Thumb Code     0  startup_msp432e401y_uvision.o(.text)
    CAN1_IRQHandler                          0x000002ef   Thumb Code     0  startup_msp432e401y_uvision.o(.text)
    COMP0_IRQHandler                         0x000002ef   Thumb Code     0  startup_msp432e401y_uvision.o(.text)
    COMP1_IRQHandler                         0x000002ef   Thumb Code     0  startup_msp432e401y_uvision.o(.text)
    COMP2_IRQHandler                         0x000002ef   Thumb Code     0  startup_msp432e401y_uvision.o(.text)
    DES0_IRQHandler                          0x000002ef   Thumb Code     0  startup_msp432e401y_uvision.o(.text)
    EMAC0_IRQHandler                         0x000002ef   Thumb Code     0  startup_msp432e401y_uvision.o(.text)
    EPI0_IRQHandler                          0x000002ef   Thumb Code     0  startup_msp432e401y_uvision.o(.text)
    FLASH_IRQHandler                         0x000002ef   Thumb Code     0  startup_msp432e401y_uvision.o(.text)
    GPIOA_IRQHandler                         0x000002ef   Thumb Code     0  startup_msp432e401y_uvision.o(.text)
    GPIOB_IRQHandler                         0x000002ef   Thumb Code     0  startup_msp432e401y_uvision.o(.text)
    GPIOC_IRQHandler                         0x000002ef   Thumb Code     0  startup_msp432e401y_uvision.o(.text)
    GPIOD_IRQHandler                         0x000002ef   Thumb Code     0  startup_msp432e401y_uvision.o(.text)
    GPIOE_IRQHandler                         0x000002ef   Thumb Code     0  startup_msp432e401y_uvision.o(.text)
    GPIOF_IRQHandler                         0x000002ef   Thumb Code     0  startup_msp432e401y_uvision.o(.text)
    GPIOG_IRQHandler                         0x000002ef   Thumb Code     0  startup_msp432e401y_uvision.o(.text)
    GPIOH_IRQHandler                         0x000002ef   Thumb Code     0  startup_msp432e401y_uvision.o(.text)
    GPIOJ_IRQHandler                         0x000002ef   Thumb Code     0  startup_msp432e401y_uvision.o(.text)
    GPIOK_IRQHandler                         0x000002ef   Thumb Code     0  startup_msp432e401y_uvision.o(.text)
    GPIOL_IRQHandler                         0x000002ef   Thumb Code     0  startup_msp432e401y_uvision.o(.text)
    GPIOM_IRQHandler                         0x000002ef   Thumb Code     0  startup_msp432e401y_uvision.o(.text)
    GPION_IRQHandler                         0x000002ef   Thumb Code     0  startup_msp432e401y_uvision.o(.text)
    GPIOP0_IRQHandler                        0x000002ef   Thumb Code     0  startup_msp432e401y_uvision.o(.text)
    GPIOP1_IRQHandler                        0x000002ef   Thumb Code     0  startup_msp432e401y_uvision.o(.text)
    GPIOP2_IRQHandler                        0x000002ef   Thumb Code     0  startup_msp432e401y_uvision.o(.text)
    GPIOP3_IRQHandler                        0x000002ef   Thumb Code     0  startup_msp432e401y_uvision.o(.text)
    GPIOP4_IRQHandler                        0x000002ef   Thumb Code     0  startup_msp432e401y_uvision.o(.text)
    GPIOP5_IRQHandler                        0x000002ef   Thumb Code     0  startup_msp432e401y_uvision.o(.text)
    GPIOP6_IRQHandler                        0x000002ef   Thumb Code     0  startup_msp432e401y_uvision.o(.text)
    GPIOP7_IRQHandler                        0x000002ef   Thumb Code     0  startup_msp432e401y_uvision.o(.text)
    GPIOQ0_IRQHandler                        0x000002ef   Thumb Code     0  startup_msp432e401y_uvision.o(.text)
    GPIOQ1_IRQHandler                        0x000002ef   Thumb Code     0  startup_msp432e401y_uvision.o(.text)
    GPIOQ2_IRQHandler                        0x000002ef   Thumb Code     0  startup_msp432e401y_uvision.o(.text)
    GPIOQ3_IRQHandler                        0x000002ef   Thumb Code     0  startup_msp432e401y_uvision.o(.text)
    GPIOQ4_IRQHandler                        0x000002ef   Thumb Code     0  startup_msp432e401y_uvision.o(.text)
    GPIOQ5_IRQHandler                        0x000002ef   Thumb Code     0  startup_msp432e401y_uvision.o(.text)
    GPIOQ6_IRQHandler                        0x000002ef   Thumb Code     0  startup_msp432e401y_uvision.o(.text)
    GPIOQ7_IRQHandler                        0x000002ef   Thumb Code     0  startup_msp432e401y_uvision.o(.text)
    HIBERNATE_IRQHandler                     0x000002ef   Thumb Code     0  startup_msp432e401y_uvision.o(.text)
    I2C0_IRQHandler                          0x000002ef   Thumb Code     0  startup_msp432e401y_uvision.o(.text)
    I2C1_IRQHandler                          0x000002ef   Thumb Code     0  startup_msp432e401y_uvision.o(.text)
    I2C2_IRQHandler                          0x000002ef   Thumb Code     0  startup_msp432e401y_uvision.o(.text)
    I2C3_IRQHandler                          0x000002ef   Thumb Code     0  startup_msp432e401y_uvision.o(.text)
    I2C4_IRQHandler                          0x000002ef   Thumb Code     0  startup_msp432e401y_uvision.o(.text)
    I2C5_IRQHandler                          0x000002ef   Thumb Code     0  startup_msp432e401y_uvision.o(.text)
    I2C6_IRQHandler                          0x000002ef   Thumb Code     0  startup_msp432e401y_uvision.o(.text)
    I2C7_IRQHandler                          0x000002ef   Thumb Code     0  startup_msp432e401y_uvision.o(.text)
    I2C8_IRQHandler                          0x000002ef   Thumb Code     0  startup_msp432e401y_uvision.o(.text)
    I2C9_IRQHandler                          0x000002ef   Thumb Code     0  startup_msp432e401y_uvision.o(.text)
    PWM0_0_IRQHandler                        0x000002ef   Thumb Code     0  startup_msp432e401y_uvision.o(.text)
    PWM0_1_IRQHandler                        0x000002ef   Thumb Code     0  startup_msp432e401y_uvision.o(.text)
    PWM0_2_IRQHandler                        0x000002ef   Thumb Code     0  startup_msp432e401y_uvision.o(.text)
    PWM0_3_IRQHandler                        0x000002ef   Thumb Code     0  startup_msp432e401y_uvision.o(.text)
    PWM0_FAULT_IRQHandler                    0x000002ef   Thumb Code     0  startup_msp432e401y_uvision.o(.text)
    QEI0_IRQHandler                          0x000002ef   Thumb Code     0  startup_msp432e401y_uvision.o(.text)
    SHA0_IRQHandler                          0x000002ef   Thumb Code     0  startup_msp432e401y_uvision.o(.text)
    SSI1_IRQHandler                          0x000002ef   Thumb Code     0  startup_msp432e401y_uvision.o(.text)
    SSI2_IRQHandler                          0x000002ef   Thumb Code     0  startup_msp432e401y_uvision.o(.text)
    SSI3_IRQHandler                          0x000002ef   Thumb Code     0  startup_msp432e401y_uvision.o(.text)
    SYSCTL_IRQHandler                        0x000002ef   Thumb Code     0  startup_msp432e401y_uvision.o(.text)
    SYSEXC_IRQHandler                        0x000002ef   Thumb Code     0  startup_msp432e401y_uvision.o(.text)
    TAMPER0_IRQHandler                       0x000002ef   Thumb Code     0  startup_msp432e401y_uvision.o(.text)
    TIMER0A_IRQHandler                       0x000002ef   Thumb Code     0  startup_msp432e401y_uvision.o(.text)
    TIMER0B_IRQHandler                       0x000002ef   Thumb Code     0  startup_msp432e401y_uvision.o(.text)
    TIMER1B_IRQHandler                       0x000002ef   Thumb Code     0  startup_msp432e401y_uvision.o(.text)
    TIMER2A_IRQHandler                       0x000002ef   Thumb Code     0  startup_msp432e401y_uvision.o(.text)
    TIMER2B_IRQHandler                       0x000002ef   Thumb Code     0  startup_msp432e401y_uvision.o(.text)
    TIMER3A_IRQHandler                       0x000002ef   Thumb Code     0  startup_msp432e401y_uvision.o(.text)
    TIMER3B_IRQHandler                       0x000002ef   Thumb Code     0  startup_msp432e401y_uvision.o(.text)
    TIMER4A_IRQHandler                       0x000002ef   Thumb Code     0  startup_msp432e401y_uvision.o(.text)
    TIMER4B_IRQHandler                       0x000002ef   Thumb Code     0  startup_msp432e401y_uvision.o(.text)
    TIMER5A_IRQHandler                       0x000002ef   Thumb Code     0  startup_msp432e401y_uvision.o(.text)
    TIMER5B_IRQHandler                       0x000002ef   Thumb Code     0  startup_msp432e401y_uvision.o(.text)
    TIMER6A_IRQHandler                       0x000002ef   Thumb Code     0  startup_msp432e401y_uvision.o(.text)
    TIMER6B_IRQHandler                       0x000002ef   Thumb Code     0  startup_msp432e401y_uvision.o(.text)
    TIMER7A_IRQHandler                       0x000002ef   Thumb Code     0  startup_msp432e401y_uvision.o(.text)
    TIMER7B_IRQHandler                       0x000002ef   Thumb Code     0  startup_msp432e401y_uvision.o(.text)
    UART1_IRQHandler                         0x000002ef   Thumb Code     0  startup_msp432e401y_uvision.o(.text)
    UART2_IRQHandler                         0x000002ef   Thumb Code     0  startup_msp432e401y_uvision.o(.text)
    UART3_IRQHandler                         0x000002ef   Thumb Code     0  startup_msp432e401y_uvision.o(.text)
    UART4_IRQHandler                         0x000002ef   Thumb Code     0  startup_msp432e401y_uvision.o(.text)
    UART5_IRQHandler                         0x000002ef   Thumb Code     0  startup_msp432e401y_uvision.o(.text)
    UART6_IRQHandler                         0x000002ef   Thumb Code     0  startup_msp432e401y_uvision.o(.text)
    UDMAERR_IRQHandler                       0x000002ef   Thumb Code     0  startup_msp432e401y_uvision.o(.text)
    UDMA_IRQHandler                          0x000002ef   Thumb Code     0  startup_msp432e401y_uvision.o(.text)
    USB0_IRQHandler                          0x000002ef   Thumb Code     0  startup_msp432e401y_uvision.o(.text)
    WATCHDOG_IRQHandler                      0x000002ef   Thumb Code     0  startup_msp432e401y_uvision.o(.text)
    arm_cmplx_mag_f32                        0x000002f9   Thumb Code   296  arm_cmplx_mag_f32.o(.text)
    arm_cfft_radix8by2_f32                   0x00000421   Thumb Code   600  arm_cfft_f32.o(.text)
    arm_cfft_radix8by4_f32                   0x00000679   Thumb Code  1708  arm_cfft_f32.o(.text)
    arm_cfft_f32                             0x00000d25   Thumb Code   302  arm_cfft_f32.o(.text)
    arm_radix8_butterfly_f32                 0x00000e55   Thumb Code  2164  arm_cfft_radix8_f32.o(.text)
    __aeabi_fadd                             0x000016cd   Thumb Code   164  fadd.o(.text)
    __aeabi_fsub                             0x00001771   Thumb Code     6  fadd.o(.text)
    __aeabi_frsub                            0x00001777   Thumb Code     6  fadd.o(.text)
    __aeabi_fmul                             0x0000177d   Thumb Code   100  fmul.o(.text)
    __aeabi_fdiv                             0x000017e1   Thumb Code   124  fdiv.o(.text)
    __aeabi_dmul                             0x0000185d   Thumb Code   228  dmul.o(.text)
    __aeabi_ddiv                             0x00001941   Thumb Code   222  ddiv.o(.text)
    __aeabi_ui2f                             0x00001a1f   Thumb Code    10  ffltui.o(.text)
    __aeabi_i2d                              0x00001a29   Thumb Code    34  dflti.o(.text)
    __aeabi_ui2d                             0x00001a4b   Thumb Code    26  dfltui.o(.text)
    __aeabi_d2uiz                            0x00001a65   Thumb Code    50  dfixui.o(.text)
    __aeabi_f2d                              0x00001a97   Thumb Code    38  f2d.o(.text)
    __aeabi_d2f                              0x00001abd   Thumb Code    56  d2f.o(.text)
    __aeabi_llsr                             0x00001af5   Thumb Code    32  llushr.o(.text)
    _ll_ushift_r                             0x00001af5   Thumb Code     0  llushr.o(.text)
    __strtod_int                             0x00001b4b   Thumb Code    90  strtod.o(.text)
    __I$use$fp                               0x00001bb1   Thumb Code     0  iusefp.o(.text)
    _float_round                             0x00001bb1   Thumb Code    18  fepilogue.o(.text)
    _float_epilogue                          0x00001bc3   Thumb Code    92  fepilogue.o(.text)
    _double_round                            0x00001c1f   Thumb Code    30  depilogue.o(.text)
    _double_epilogue                         0x00001c3d   Thumb Code   156  depilogue.o(.text)
    __aeabi_dadd                             0x00001cd9   Thumb Code   322  dadd.o(.text)
    __aeabi_dsub                             0x00001e1b   Thumb Code     6  dadd.o(.text)
    __aeabi_drsub                            0x00001e21   Thumb Code     6  dadd.o(.text)
    _drnd                                    0x00001e29   Thumb Code   132  drnd.o(.text)
    __aeabi_cdcmpeq                          0x00001eb1   Thumb Code     0  cdcmple.o(.text)
    __aeabi_cdcmple                          0x00001eb1   Thumb Code    48  cdcmple.o(.text)
    __aeabi_cdrcmple                         0x00001ee1   Thumb Code    48  cdrcmple.o(.text)
    __scatterload                            0x00001f11   Thumb Code    28  init.o(.text)
    __scatterload_rt2                        0x00001f11   Thumb Code     0  init.o(.text)
    __aeabi_llsl                             0x00001f35   Thumb Code    30  llshl.o(.text)
    _ll_shift_l                              0x00001f35   Thumb Code     0  llshl.o(.text)
    __aeabi_lasr                             0x00001f53   Thumb Code    36  llsshr.o(.text)
    _ll_sshift_r                             0x00001f53   Thumb Code     0  llsshr.o(.text)
    isspace                                  0x00001f77   Thumb Code    10  isspace_c.o(.text)
    _scanf_real                              0x000020a9   Thumb Code     0  scanf_fp.o(.text)
    _scanf_really_real                       0x000020a9   Thumb Code   556  scanf_fp.o(.text)
    _sgetc                                   0x000022e1   Thumb Code    30  _sgetc.o(.text)
    _sbackspace                              0x000022ff   Thumb Code    34  _sgetc.o(.text)
    __ctype_lookup                           0x00002321   Thumb Code    34  ctype_c.o(.text)
    __aeabi_ul2d                             0x00002349   Thumb Code    24  dfltul.o(.text)
    __decompress                             0x00002361   Thumb Code     0  __dczerorl.o(.text)
    __decompress0                            0x00002361   Thumb Code    58  __dczerorl.o(.text)
    ADC0SS2_IRQHandler                       0x0000239d   Thumb Code   122  adc_u.o(i.ADC0SS2_IRQHandler)
    ADCIntClearEx                            0x00002429   Thumb Code     4  adc.o(i.ADCIntClearEx)
    ADCSequenceStepConfigure                 0x0000242d   Thumb Code   136  adc.o(i.ADCSequenceStepConfigure)
    ADC_Change_freq                          0x000024b5   Thumb Code   224  adc_u.o(i.ADC_Change_freq)
    ADC_SimpleInit                           0x000025a1   Thumb Code   300  adc_u.o(i.ADC_SimpleInit)
    ADC_TimerStart                           0x000026ed   Thumb Code    76  adc_u.o(i.ADC_TimerStart)
    ADC_TimerStop                            0x00002745   Thumb Code    40  adc_u.o(i.ADC_TimerStop)
    DMA_UART_RX_Init                         0x00002775   Thumb Code   112  uart_1.o(i.DMA_UART_RX_Init)
    FPGA_SendType                            0x000027f5   Thumb Code    32  uart_1.o(i.FPGA_SendType)
    IntRegister                              0x00002819   Thumb Code    52  interrupt.o(i.IntRegister)
    Myfft                                    0x00002855   Thumb Code   316  fft.o(i.Myfft)
    ProcessData                              0x000029b1   Thumb Code   144  uart_1.o(i.ProcessData)
    SSI0_IRQHandler                          0x00002a4d   Thumb Code    74  spi_u.o(i.SSI0_IRQHandler)
    Seek_Max                                 0x00002a9d   Thumb Code    70  fft.o(i.Seek_Max)
    Seek_Max0                                0x00002ae3   Thumb Code    66  fft.o(i.Seek_Max0)
    Seek_Max1                                0x00002b25   Thumb Code    60  fft.o(i.Seek_Max1)
    Seek_Max2                                0x00002b61   Thumb Code    62  fft.o(i.Seek_Max2)
    SysCtlClockFreqSet                       0x00002ba1   Thumb Code   642  sysctl.o(i.SysCtlClockFreqSet)
    SysCtlPeripheralReady                    0x00002e49   Thumb Code    52  sysctl.o(i.SysCtlPeripheralReady)
    SysTickEnable                            0x00002e81   Thumb Code    18  systick.o(i.SysTickEnable)
    SysTickIntEnable                         0x00002e93   Thumb Code    18  systick.o(i.SysTickIntEnable)
    SysTickIntRegister                       0x00002ea5   Thumb Code    30  systick.o(i.SysTickIntRegister)
    SysTickPeriodSet                         0x00002ec3   Thumb Code    10  systick.o(i.SysTickPeriodSet)
    SysTick_Handler                          0x00002ecd   Thumb Code     2  system_init.o(i.SysTick_Handler)
    SystemInit                               0x00002ed1   Thumb Code    20  system_msp432e401y.o(i.SystemInit)
    TIMER1A_IRQHandler                       0x00002ef1   Thumb Code    18  tim_u.o(i.TIMER1A_IRQHandler)
    TIM_TriggerADC_Init                      0x00002f09   Thumb Code   102  tim_u.o(i.TIM_TriggerADC_Init)
    TimerControlTrigger                      0x00002f7d   Thumb Code    44  timer.o(i.TimerControlTrigger)
    TimerLoadSet                             0x00002fa9   Thumb Code    16  timer.o(i.TimerLoadSet)
    UART0_IRQHandler                         0x00002fb9   Thumb Code    68  uart_1.o(i.UART0_IRQHandler)
    UART7_IRQHandler                         0x00003005   Thumb Code   146  uart_1.o(i.UART7_IRQHandler)
    UART_Init                                0x000030ad   Thumb Code   148  uart_1.o(i.UART_Init)
    VOFA_SendData                            0x00003155   Thumb Code   294  uart_1.o(i.VOFA_SendData)
    VOFA_init                                0x00003291   Thumb Code   114  uart_1.o(i.VOFA_init)
    __hardfp_atof                            0x000033b1   Thumb Code    44  atof.o(i.__hardfp_atof)
    __hardfp_round                           0x000033e9   Thumb Code   194  round.o(i.__hardfp_round)
    __read_errno                             0x000034c9   Thumb Code     6  errno.o(i.__read_errno)
    __scatterload_copy                       0x000034d5   Thumb Code    14  handlers.o(i.__scatterload_copy)
    __scatterload_null                       0x000034e3   Thumb Code     2  handlers.o(i.__scatterload_null)
    __scatterload_zeroinit                   0x000034e5   Thumb Code    14  handlers.o(i.__scatterload_zeroinit)
    __set_errno                              0x000034f5   Thumb Code     6  errno.o(i.__set_errno)
    _is_digit                                0x00003501   Thumb Code    14  scanf_fp.o(i._is_digit)
    binarySearchDescending                   0x0000350f   Thumb Code   102  fft.o(i.binarySearchDescending)
    find_min_index_diff_above_threshold      0x00003575   Thumb Code    74  fft.o(i.find_min_index_diff_above_threshold)
    guji_2ask_2                              0x000035c1   Thumb Code   262  fft.o(i.guji_2ask_2)
    guji_2fsk_2                              0x000036e1   Thumb Code   300  fft.o(i.guji_2fsk_2)
    guji_2psk_2                              0x0000382d   Thumb Code   160  fft.o(i.guji_2psk_2)
    guji_mf                                  0x000038e5   Thumb Code   146  fft.o(i.guji_mf)
    main                                     0x0000398d   Thumb Code   662  main.o(i.main)
    shibie_2ask                              0x00003c8d   Thumb Code   120  fft.o(i.shibie_2ask)
    shibie_2fskor2psk                        0x00003d05   Thumb Code   240  fft.o(i.shibie_2fskor2psk)
    shibie_basic                             0x00003e15   Thumb Code   296  fft.o(i.shibie_basic)
    sqrtf                                    0x00003f5d   Thumb Code    62  sqrtf.o(i.sqrtf)
    sys_init                                 0x00003f9d   Thumb Code    38  system_init.o(i.sys_init)
    uDMAChannelEnable                        0x00003fd5   Thumb Code    14  udma.o(i.uDMAChannelEnable)
    bessel                                   0x000041f8   Data        1296  beseel.o(.constdata)
    measure_arr                              0x00004708   Data         324  beseel.o(.constdata)
    hamming_window                           0x0000484c   Data       16384  hamming.o(.constdata)
    arm_cfft_sR_f32_len4096                  0x0000884c   Data          16  arm_const_structs.o(.constdata)
    twiddleCoef_4096                         0x0000885c   Data       32768  arm_common_tables.o(.constdata)
    armBitRevIndexTable4096                  0x0001085c   Data        8064  arm_common_tables.o(.constdata)
    __ctype_categories                       0x000127dc   Data          64  ctype_c.o(.constdata)
    Region$$Table$$Base                      0x0001281c   Number         0  anon$$obj.o(Region$$Table)
    Region$$Table$$Limit                     0x0001283c   Number         0  anon$$obj.o(Region$$Table)
    SystemCoreClock                          0x20000000   Data           4  system_msp432e401y.o(.data)
    Fs                                       0x20000004   Data           4  adc_u.o(.data)
    DMA_Transmit_num                         0x20000008   Data           4  adc_u.o(.data)
    getnum_all                               0x2000000c   Data           1  uart_1.o(.data)
    p                                        0x20000010   Data           4  uart_1.o(.data)
    UART_RECEIVE_ERROR                       0x20000014   Data           1  uart_1.o(.data)
    uart_index                               0x20000018   Data           4  uart_1.o(.data)
    UART0_ReceiveState                       0x2000001c   Data           1  uart_1.o(.data)
    receivedByte                             0x2000001d   Data           1  uart_1.o(.data)
    UART0_ReceiveBuf                         0x2000001e   Data           8  uart_1.o(.data)
    index_p                                  0x20000026   Data           2  uart_1.o(.data)
    U7State                                  0x20000028   Data           1  uart_1.o(.data)
    index_U7                                 0x20000029   Data           1  uart_1.o(.data)
    mag_max                                  0x2000002c   Data           4  main.o(.data)
    mag_max_id                               0x20000030   Data           2  main.o(.data)
    F                                        0x20000032   Data           2  main.o(.data)
    Rb                                       0x20000034   Data           2  main.o(.data)
    h                                        0x20000038   Data           4  main.o(.data)
    ma                                       0x2000003c   Data           4  main.o(.data)
    mf                                       0x20000040   Data           4  main.o(.data)
    basic_flag                               0x20000044   Data           1  main.o(.data)
    ADC_Done                                 0x20000045   Data           1  main.o(.data)
    ui32SysClock                             0x20000048   Data           4  system_init.o(.data)
    pui8ControlTable                         0x20000800   Data        1024  adc_u.o(.bss)
    adc_buff                                 0x20000c00   Data        8192  adc_u.o(.bss)
    AM_baoluo                                0x20002c00   Data        2048  uart_1.o(.bss)
    u_buf                                    0x20003400   Data         256  uart_1.o(.bss)
    ReceiveData_UART7                        0x20003500   Data         256  uart_1.o(.bss)
    mag_arr                                  0x20003600   Data          60  main.o(.bss)
    parameter_b                              0x2000363c   Data         256  main.o(.bss)
    parameter_s                              0x2000373c   Data         256  main.o(.bss)
    FFT_In                                   0x2000383c   Data       32768  fft.o(.bss)
    FFT_Mag                                  0x2000b83c   Data       16384  fft.o(.bss)
    mag_fm_arr                               0x2000f83c   Data          16  fft.o(.bss)
    min_f2sk_r                               0x2000f84c   Data          20  fft.o(.bss)
    __initial_sp                             0x2000fa60   Data           0  startup_msp432e401y_uvision.o(STACK)



==============================================================================

Memory Map of the image

  Image Entry point : 0x000002bd

  Load Region LR_IROM1 (Base: 0x00000000, Size: 0x00012ea8, Max: 0x00100000, ABSOLUTE, COMPRESSED[0x00012858])

    Execution Region ER_IROM1 (Exec base: 0x00000000, Load base: 0x00000000, Size: 0x0001283c, Max: 0x00100000, ABSOLUTE)

    Exec Addr    Load Addr    Size         Type   Attr      Idx    E Section Name        Object

    0x00000000   0x00000000   0x000001fc   Data   RO            3    RESET               startup_msp432e401y_uvision.o
    0x000001fc   0x000001fc   0x000000c0   Code   RO         7177    . text              arm_cortexM4l_math.lib(arm_bitreversal2.o)
    0x000002bc   0x000002bc   0x00000000   Code   RO         7299  * .ARM.Collect$$$$00000000  mc_w.l(entry.o)
    0x000002bc   0x000002bc   0x00000004   Code   RO         7340    .ARM.Collect$$$$00000001  mc_w.l(entry2.o)
    0x000002c0   0x000002c0   0x00000004   Code   RO         7343    .ARM.Collect$$$$00000004  mc_w.l(entry5.o)
    0x000002c4   0x000002c4   0x00000000   Code   RO         7345    .ARM.Collect$$$$00000008  mc_w.l(entry7b.o)
    0x000002c4   0x000002c4   0x00000000   Code   RO         7347    .ARM.Collect$$$$0000000A  mc_w.l(entry8b.o)
    0x000002c4   0x000002c4   0x00000008   Code   RO         7348    .ARM.Collect$$$$0000000B  mc_w.l(entry9a.o)
    0x000002cc   0x000002cc   0x00000004   Code   RO         7355    .ARM.Collect$$$$0000000E  mc_w.l(entry12b.o)
    0x000002d0   0x000002d0   0x00000000   Code   RO         7350    .ARM.Collect$$$$0000000F  mc_w.l(entry10a.o)
    0x000002d0   0x000002d0   0x00000000   Code   RO         7352    .ARM.Collect$$$$00000011  mc_w.l(entry11a.o)
    0x000002d0   0x000002d0   0x00000004   Code   RO         7341    .ARM.Collect$$$$00002712  mc_w.l(entry2.o)
    0x000002d4   0x000002d4   0x00000024   Code   RO            4    .text               startup_msp432e401y_uvision.o
    0x000002f8   0x000002f8   0x00000128   Code   RO         6978    .text               arm_cortexM4l_math.lib(arm_cmplx_mag_f32.o)
    0x00000420   0x00000420   0x00000a32   Code   RO         7027    .text               arm_cortexM4l_math.lib(arm_cfft_f32.o)
    0x00000e52   0x00000e52   0x00000002   PAD
    0x00000e54   0x00000e54   0x00000878   Code   RO         7156    .text               arm_cortexM4l_math.lib(arm_cfft_radix8_f32.o)
    0x000016cc   0x000016cc   0x000000b0   Code   RO         7302    .text               mf_w.l(fadd.o)
    0x0000177c   0x0000177c   0x00000064   Code   RO         7304    .text               mf_w.l(fmul.o)
    0x000017e0   0x000017e0   0x0000007c   Code   RO         7306    .text               mf_w.l(fdiv.o)
    0x0000185c   0x0000185c   0x000000e4   Code   RO         7308    .text               mf_w.l(dmul.o)
    0x00001940   0x00001940   0x000000de   Code   RO         7310    .text               mf_w.l(ddiv.o)
    0x00001a1e   0x00001a1e   0x0000000a   Code   RO         7312    .text               mf_w.l(ffltui.o)
    0x00001a28   0x00001a28   0x00000022   Code   RO         7314    .text               mf_w.l(dflti.o)
    0x00001a4a   0x00001a4a   0x0000001a   Code   RO         7316    .text               mf_w.l(dfltui.o)
    0x00001a64   0x00001a64   0x00000032   Code   RO         7318    .text               mf_w.l(dfixui.o)
    0x00001a96   0x00001a96   0x00000026   Code   RO         7320    .text               mf_w.l(f2d.o)
    0x00001abc   0x00001abc   0x00000038   Code   RO         7322    .text               mf_w.l(d2f.o)
    0x00001af4   0x00001af4   0x00000020   Code   RO         7356    .text               mc_w.l(llushr.o)
    0x00001b14   0x00001b14   0x0000009c   Code   RO         7365    .text               mc_w.l(strtod.o)
    0x00001bb0   0x00001bb0   0x00000000   Code   RO         7367    .text               mc_w.l(iusefp.o)
    0x00001bb0   0x00001bb0   0x0000006e   Code   RO         7368    .text               mf_w.l(fepilogue.o)
    0x00001c1e   0x00001c1e   0x000000ba   Code   RO         7370    .text               mf_w.l(depilogue.o)
    0x00001cd8   0x00001cd8   0x0000014e   Code   RO         7372    .text               mf_w.l(dadd.o)
    0x00001e26   0x00001e26   0x00000002   PAD
    0x00001e28   0x00001e28   0x00000088   Code   RO         7374    .text               mf_w.l(drnd.o)
    0x00001eb0   0x00001eb0   0x00000030   Code   RO         7376    .text               mf_w.l(cdcmple.o)
    0x00001ee0   0x00001ee0   0x00000030   Code   RO         7378    .text               mf_w.l(cdrcmple.o)
    0x00001f10   0x00001f10   0x00000024   Code   RO         7382    .text               mc_w.l(init.o)
    0x00001f34   0x00001f34   0x0000001e   Code   RO         7384    .text               mc_w.l(llshl.o)
    0x00001f52   0x00001f52   0x00000024   Code   RO         7386    .text               mc_w.l(llsshr.o)
    0x00001f76   0x00001f76   0x0000000a   Code   RO         7388    .text               mc_w.l(isspace_c.o)
    0x00001f80   0x00001f80   0x00000360   Code   RO         7390    .text               mc_w.l(scanf_fp.o)
    0x000022e0   0x000022e0   0x00000040   Code   RO         7394    .text               mc_w.l(_sgetc.o)
    0x00002320   0x00002320   0x00000028   Code   RO         7396    .text               mc_w.l(ctype_c.o)
    0x00002348   0x00002348   0x00000018   Code   RO         7399    .text               mf_w.l(dfltul.o)
    0x00002360   0x00002360   0x0000003a   Code   RO         7409    .text               mc_w.l(__dczerorl.o)
    0x0000239a   0x0000239a   0x00000002   PAD
    0x0000239c   0x0000239c   0x0000008c   Code   RO         6147    i.ADC0SS2_IRQHandler  adc_u.o
    0x00002428   0x00002428   0x00000004   Code   RO           87    i.ADCIntClearEx     adc.o
    0x0000242c   0x0000242c   0x00000088   Code   RO          109    i.ADCSequenceStepConfigure  adc.o
    0x000024b4   0x000024b4   0x000000ec   Code   RO         6148    i.ADC_Change_freq   adc_u.o
    0x000025a0   0x000025a0   0x0000014c   Code   RO         6149    i.ADC_SimpleInit    adc_u.o
    0x000026ec   0x000026ec   0x00000058   Code   RO         6150    i.ADC_TimerStart    adc_u.o
    0x00002744   0x00002744   0x00000030   Code   RO         6151    i.ADC_TimerStop     adc_u.o
    0x00002774   0x00002774   0x00000080   Code   RO         6365    i.DMA_UART_RX_Init  uart_1.o
    0x000027f4   0x000027f4   0x00000024   Code   RO         6366    i.FPGA_SendType     uart_1.o
    0x00002818   0x00002818   0x0000003c   Code   RO         3056    i.IntRegister       interrupt.o
    0x00002854   0x00002854   0x0000015c   Code   RO         6664    i.Myfft             fft.o
    0x000029b0   0x000029b0   0x0000009c   Code   RO         6367    i.ProcessData       uart_1.o
    0x00002a4c   0x00002a4c   0x00000050   Code   RO         6482    i.SSI0_IRQHandler   spi_u.o
    0x00002a9c   0x00002a9c   0x00000046   Code   RO         6665    i.Seek_Max          fft.o
    0x00002ae2   0x00002ae2   0x00000042   Code   RO         6666    i.Seek_Max0         fft.o
    0x00002b24   0x00002b24   0x0000003c   Code   RO         6667    i.Seek_Max1         fft.o
    0x00002b60   0x00002b60   0x0000003e   Code   RO         6668    i.Seek_Max2         fft.o
    0x00002b9e   0x00002b9e   0x00000002   PAD
    0x00002ba0   0x00002ba0   0x000002a8   Code   RO         4290    i.SysCtlClockFreqSet  sysctl.o
    0x00002e48   0x00002e48   0x00000038   Code   RO         4317    i.SysCtlPeripheralReady  sysctl.o
    0x00002e80   0x00002e80   0x00000012   Code   RO         4625    i.SysTickEnable     systick.o
    0x00002e92   0x00002e92   0x00000012   Code   RO         4627    i.SysTickIntEnable  systick.o
    0x00002ea4   0x00002ea4   0x0000001e   Code   RO         4628    i.SysTickIntRegister  systick.o
    0x00002ec2   0x00002ec2   0x0000000a   Code   RO         4631    i.SysTickPeriodSet  systick.o
    0x00002ecc   0x00002ecc   0x00000002   Code   RO         6600    i.SysTick_Handler   system_init.o
    0x00002ece   0x00002ece   0x00000002   PAD
    0x00002ed0   0x00002ed0   0x00000020   Code   RO           14    i.SystemInit        system_msp432e401y.o
    0x00002ef0   0x00002ef0   0x00000018   Code   RO         6328    i.TIMER1A_IRQHandler  tim_u.o
    0x00002f08   0x00002f08   0x00000074   Code   RO         6330    i.TIM_TriggerADC_Init  tim_u.o
    0x00002f7c   0x00002f7c   0x0000002c   Code   RO         4698    i.TimerControlTrigger  timer.o
    0x00002fa8   0x00002fa8   0x00000010   Code   RO         4711    i.TimerLoadSet      timer.o
    0x00002fb8   0x00002fb8   0x0000004c   Code   RO         6368    i.UART0_IRQHandler  uart_1.o
    0x00003004   0x00003004   0x000000a8   Code   RO         6369    i.UART7_IRQHandler  uart_1.o
    0x000030ac   0x000030ac   0x000000a8   Code   RO         6371    i.UART_Init         uart_1.o
    0x00003154   0x00003154   0x0000013c   Code   RO         6373    i.VOFA_SendData     uart_1.o
    0x00003290   0x00003290   0x00000090   Code   RO         6376    i.VOFA_init         uart_1.o
    0x00003320   0x00003320   0x00000064   Code   RO         4333    i._SysCtlFrequencyGet  sysctl.o
    0x00003384   0x00003384   0x00000028   Code   RO         4334    i._SysCtlMemTimingGet  sysctl.o
    0x000033ac   0x000033ac   0x00000004   PAD
    0x000033b0   0x000033b0   0x00000038   Code   RO         7263    i.__hardfp_atof     m_wm.l(atof.o)
    0x000033e8   0x000033e8   0x000000e0   Code   RO         7283    i.__hardfp_round    m_wm.l(round.o)
    0x000034c8   0x000034c8   0x0000000c   Code   RO         7359    i.__read_errno      mc_w.l(errno.o)
    0x000034d4   0x000034d4   0x0000000e   Code   RO         7403    i.__scatterload_copy  mc_w.l(handlers.o)
    0x000034e2   0x000034e2   0x00000002   Code   RO         7404    i.__scatterload_null  mc_w.l(handlers.o)
    0x000034e4   0x000034e4   0x0000000e   Code   RO         7405    i.__scatterload_zeroinit  mc_w.l(handlers.o)
    0x000034f2   0x000034f2   0x00000002   PAD
    0x000034f4   0x000034f4   0x0000000c   Code   RO         7360    i.__set_errno       mc_w.l(errno.o)
    0x00003500   0x00003500   0x0000000e   Code   RO         7392    i._is_digit         mc_w.l(scanf_fp.o)
    0x0000350e   0x0000350e   0x00000066   Code   RO         6673    i.binarySearchDescending  fft.o
    0x00003574   0x00003574   0x0000004a   Code   RO         6674    i.find_min_index_diff_above_threshold  fft.o
    0x000035be   0x000035be   0x00000002   PAD
    0x000035c0   0x000035c0   0x00000120   Code   RO         6676    i.guji_2ask_2       fft.o
    0x000036e0   0x000036e0   0x0000014c   Code   RO         6678    i.guji_2fsk_2       fft.o
    0x0000382c   0x0000382c   0x000000b8   Code   RO         6680    i.guji_2psk_2       fft.o
    0x000038e4   0x000038e4   0x000000a8   Code   RO         6681    i.guji_mf           fft.o
    0x0000398c   0x0000398c   0x00000300   Code   RO         6541    i.main              main.o
    0x00003c8c   0x00003c8c   0x00000078   Code   RO         6684    i.shibie_2ask       fft.o
    0x00003d04   0x00003d04   0x00000110   Code   RO         6685    i.shibie_2fskor2psk  fft.o
    0x00003e14   0x00003e14   0x00000148   Code   RO         6686    i.shibie_basic      fft.o
    0x00003f5c   0x00003f5c   0x0000003e   Code   RO         7289    i.sqrtf             m_wm.l(sqrtf.o)
    0x00003f9a   0x00003f9a   0x00000002   PAD
    0x00003f9c   0x00003f9c   0x00000038   Code   RO         6601    i.sys_init          system_init.o
    0x00003fd4   0x00003fd4   0x00000014   Code   RO         5235    i.uDMAChannelEnable  udma.o
    0x00003fe8   0x00003fe8   0x00000210   Data   RO         4335    .constdata          sysctl.o
    0x000041f8   0x000041f8   0x00000654   Data   RO         6951    .constdata          beseel.o
    0x0000484c   0x0000484c   0x00004000   Data   RO         6963    .constdata          hamming.o
    0x0000884c   0x0000884c   0x00000010   Data   RO         7114    .constdata          arm_cortexM4l_math.lib(arm_const_structs.o)
    0x0000885c   0x0000885c   0x00008000   Data   RO         7193    .constdata          arm_cortexM4l_math.lib(arm_common_tables.o)
    0x0001085c   0x0001085c   0x00001f80   Data   RO         7222    .constdata          arm_cortexM4l_math.lib(arm_common_tables.o)
    0x000127dc   0x000127dc   0x00000040   Data   RO         7397    .constdata          mc_w.l(ctype_c.o)
    0x0001281c   0x0001281c   0x00000020   Data   RO         7401    Region$$Table       anon$$obj.o


    Execution Region RW_IRAM1 (Exec base: 0x20000000, Load base: 0x0001283c, Size: 0x0000fa60, Max: 0x00040000, ABSOLUTE, COMPRESSED[0x0000001c])

    Exec Addr    Load Addr    Size         Type   Attr      Idx    E Section Name        Object

    0x20000000   COMPRESSED   0x00000004   Data   RW           15    .data               system_msp432e401y.o
    0x20000004   COMPRESSED   0x00000008   Data   RW         6153    .data               adc_u.o
    0x2000000c   COMPRESSED   0x0000001e   Data   RW         6378    .data               uart_1.o
    0x2000002a   COMPRESSED   0x00000002   PAD
    0x2000002c   COMPRESSED   0x0000001a   Data   RW         6543    .data               main.o
    0x20000046   COMPRESSED   0x00000002   PAD
    0x20000048   COMPRESSED   0x00000004   Data   RW         6602    .data               system_init.o
    0x2000004c   COMPRESSED   0x00000004   Data   RW         7361    .data               mc_w.l(errno.o)
    0x20000050   COMPRESSED   0x000003b0   PAD
    0x20000400   COMPRESSED   0x0000026c   Data   RW         3061    vtable              interrupt.o
    0x2000066c   COMPRESSED   0x00000194   PAD
    0x20000800        -       0x00002400   Zero   RW         6152    .bss                adc_u.o
    0x20002c00        -       0x00000a00   Zero   RW         6377    .bss                uart_1.o
    0x20003600        -       0x0000023c   Zero   RW         6542    .bss                main.o
    0x2000383c        -       0x0000c024   Zero   RW         6687    .bss                fft.o
    0x2000f860        -       0x00000200   Zero   RW            1    STACK               startup_msp432e401y_uvision.o


==============================================================================

Image component sizes


      Code (inc. data)   RO Data    RW Data    ZI Data      Debug   Object Name

       140          0          0          0          0       1279   adc.o
       844         82          0          8       9216      17141   adc_u.o
         0          0       1620          0          0        513   beseel.o
      2474        200          0          0      49188      12609   fft.o
         0          0      16384          0          0        477   hamming.o
        60          8          0        620          0       1606   interrupt.o
       768        106          0         26        572      15368   main.o
        80          6          0          0          0        546   spi_u.o
        36          8        508          0        512        868   startup_msp432e401y_uvision.o
       876         50        528          0          0       4885   sysctl.o
        58         18          0          4          0       1136   system_init.o
        32         12          0          4          0       5263   system_msp432e401y.o
        76          0          0          0          0       1959   systick.o
       140         20          0          0          0        991   tim_u.o
        60          0          0          0          0       1237   timer.o
      1192        134          0         30       2560       7249   uart_1.o
        20          6          0          0          0        496   udma.o

    ----------------------------------------------------------------------
      6866        654      19072        696      62452      73623   Object Totals
         0          0         32          0          0          0   (incl. Generated)
        10          4          0          4        404          0   (incl. Padding)

    ----------------------------------------------------------------------

      Code (inc. data)   RO Data    RW Data    ZI Data      Debug   Library Member Name

       192          0          0          0          0        480   arm_bitreversal2.o
      2610          0          0          0          0      16465   arm_cfft_f32.o
      2168         10          0          0          0       2127   arm_cfft_radix8_f32.o
       296          0          0          0          0      17384   arm_cmplx_mag_f32.o
         0          0      40832          0          0       4636   arm_common_tables.o
         0          0         16          0          0       2191   arm_const_structs.o
        56         12          0          0          0        132   atof.o
       224         30          0          0          0        172   round.o
        62          0          0          0          0        136   sqrtf.o
        58          0          0          0          0          0   __dczerorl.o
        64          0          0          0          0         84   _sgetc.o
        40          6         64          0          0         68   ctype_c.o
         0          0          0          0          0          0   entry.o
         0          0          0          0          0          0   entry10a.o
         0          0          0          0          0          0   entry11a.o
         4          0          0          0          0          0   entry12b.o
         8          4          0          0          0          0   entry2.o
         4          0          0          0          0          0   entry5.o
         0          0          0          0          0          0   entry7b.o
         0          0          0          0          0          0   entry8b.o
         8          4          0          0          0          0   entry9a.o
        24         12          0          4          0        136   errno.o
        30          0          0          0          0          0   handlers.o
        36          8          0          0          0         68   init.o
        10          0          0          0          0         68   isspace_c.o
         0          0          0          0          0          0   iusefp.o
        30          0          0          0          0         68   llshl.o
        36          0          0          0          0         68   llsshr.o
        32          0          0          0          0         68   llushr.o
       878         12          0          0          0        216   scanf_fp.o
       156         12          0          0          0        120   strtod.o
        48          0          0          0          0         68   cdcmple.o
        48          0          0          0          0         68   cdrcmple.o
        56          0          0          0          0         88   d2f.o
       334          0          0          0          0        148   dadd.o
       222          0          0          0          0        100   ddiv.o
       186          0          0          0          0        176   depilogue.o
        50          0          0          0          0         76   dfixui.o
        34          0          0          0          0         76   dflti.o
        26          0          0          0          0         76   dfltui.o
        24          0          0          0          0         76   dfltul.o
       228          0          0          0          0         96   dmul.o
       136          4          0          0          0         92   drnd.o
        38          0          0          0          0         68   f2d.o
       176          0          0          0          0        140   fadd.o
       124          0          0          0          0         88   fdiv.o
       110          0          0          0          0        168   fepilogue.o
        10          0          0          0          0         68   ffltui.o
       100          0          0          0          0         76   fmul.o

    ----------------------------------------------------------------------
      8986        114      40912        948          0      46435   Library Totals
        10          0          0        944          0          0   (incl. Padding)

    ----------------------------------------------------------------------

      Code (inc. data)   RO Data    RW Data    ZI Data      Debug   Library Name

      5266         10      40848          0          0      43283   arm_cortexM4l_math.lib
       342         42          0          0          0        440   m_wm.l
      1418         58         64          4          0        964   mc_w.l
      1950          4          0          0          0       1748   mf_w.l

    ----------------------------------------------------------------------
      8986        114      40912        948          0      46435   Library Totals

    ----------------------------------------------------------------------

==============================================================================


      Code (inc. data)   RO Data    RW Data    ZI Data      Debug   

     15852        768      59984       1644      62452     114482   Grand Totals
     15852        768      59984         28      62452     114482   ELF Image Totals (compressed)
     15852        768      59984         28          0          0   ROM Totals

==============================================================================

    Total RO  Size (Code + RO Data)                75836 (  74.06kB)
    Total RW  Size (RW Data + ZI Data)             64096 (  62.59kB)
    Total ROM Size (Code + RO Data + RW Data)      75864 (  74.09kB)

==============================================================================

