987
986
979
976
982
975
978
983
981
983
981
982
980
980
984
976
981
980
1999
1396
947
28
320
1419
1999
1890
901
2
382
1528
1841
1818
748
0
474
973
984
980
978
979
978
986
979
980
981
980
982
979
981
981
984
980
306
1367
2001
1880
880
0
425
851
1876
1753
609
0
83
1127
1965
1569
431
138
983
982
982
984
980
983
981
980
980
980
978
984
978
982
983
978
975
71
282
1428
1760
1871
754
0
478
902
1882
1771
683
0
5
948
1937
1656
474
982
982
982
979
983
981
979
983
979
980
981
976
984
980
978
976
985
1150
115
190
1290
1666
1937
1027
53
248
1385
1750
1869
807
0
12
951
1929
982
980
982
981
986
981
983
991
981
984
981
980
990
977
986
983
980
980
1981
1126
61
251
1324
1686
1917
913
31
249
614
1717
1927
936
1
0
824
984
981
976
982
979
982
979
985
979
981
979
983
983
980
982
981
981
978
1793
1846
754
408
0
933
1903
1719
1385
296
47
1058
1500
1984
1125
106
181
986
980
984
979
983
971
982
981
982
985
983
978
980
984
976
982
988
35
1049
1493
1980
1175
118
169
442
1602
1965
1110
68
0
565
1679
1922
992
34
980
978
979
973
984
982
977
978
981
979
988
983
983
982
978
983
976
138
157
494
1659
1925
1010
609
0
528
1681
1938
930
505
0
726
1824
1993
1120
982
987
979
992
982
985
983
987
981
983
994
983
984
984
978
978
977
1261
133
0
490
1657
1955
1709
565
0
709
1837
1997
1426
222
69
293
1401
983
979
980
976
981
983
984
982
983
985
987
982
981
987
998
988
982
982
1986
1405
216
14
370
1495
1988
1738
620
0
614
1714
1942
1636
465
0
735
980
984
984
984
980
975
978
971
979
981
983
985
976
973
982
984
981
265
1456
2001
1254
712
0
562
1074
1948
1649
425
0
182
1253
1989
1479
345
14
975
979
981
980
979
984
984
978
980
979
978
976
983
985
984
983
982
70
207
1354
1997
1329
904
0
450
1662
1945
1589
431
90
226
1313
2003
1888
786
982
983
975
982
979
983
982
981
982
981
982
982
982
981
981
984
984
595
0
89
1157
1983
1420
955
0
472
929
1931
1678
493
136
170
1229
1991
979
985
985
983
987
980
980
987
982
970
978
985
984
980
978
978
983
980
1909
836
0
521
901
1916
1677
437
97
211
1366
2002
1889
773
0
20
1016
982
978
979
980
977
985
981
984
988
981
981
981
981
986
983
979
981
981
1727
1897
874
0
387
833
1868
1791
688
264
65
994
1932
1648
1216
136
128
978
973
981
981
981
986
976
980
979
986
972
983
983
981
981
981
978
104
1234
1628
1930
860
0
0
862
1909
1590
1201
51
313
706
1856
1739
1296
160
982
989
983
981
978
981
985
984
983
978
984
983
978
980
981
985
986
149
155
1283
1664
1929
995
3
0
706
1826
1841
1453
306
54
1094
1576
1946
929
984
976
982
986
987
982
987
984
981
984
982
979
979
984
980
983
981
783
412
0
764
1805
1835
1499
219
100
1129
1537
1994
1170
76
193
564
1681
985
986
985
983
980
980
980
985
986
982
977
981
976
983
981
977
975
978
1804
1504
360
0
864
1840
1793
1472
280
50
1038
1465
1996
1303
190
92
401
982
979
979
982
981
983
979
981
981
982
979
983
987
981
980
979
983
984
1836
1848
1560
369
0
807
1879
1999
1384
218
62
345
1458
1995
1166
77
0
980
983
982
984
982
980
973
981
981
990
984
984
980
974
981
981
979
0
712
1808
1985
1431
273
39
280
1420
1999
1189
767
0
481
1669
1960
1125
736
975
973
992
978
981
986
976
983
982
976
980
983
984
977
977
978
982
772
0
435
1586
1968
1739
580
0
672
1738
1975
1607
426
0
821
1179
1976
987
982
983
987
983
984
984
981
983
979
975
983
983
973
983
981
975
977
1672
582
0
646
1147
1970
1625
397
0
126
1198
1988
1431
285
71
187
1366
981
980
982
982
979
977
981
978
980
983
982
983
984
981
985
982
981
977
1969
1578
403
123
140
1156
1975
1477
360
86
218
1285
1990
1468
1010
41
275
981
981
981
981
981
981
979
988
983
982
984
981
977
971
985
977
980
162
1249
1988
1515
1104
72
209
1316
1997
1930
898
0
457
816
1827
1849
750
0
979
979
984
980
986
982
984
982
957
986
982
980
986
984
980
981
983
186
85
1093
1959
1605
467
179
83
1045
1928
1705
601
0
23
956
1916
1699
499
978
980
980
982
985
982
981
980
984
981
979
981
983
982
986
979
979
738
0
17
942
1937
1636
1180
93
225
1377
1709
1903
857
0
364
746
1795
985
981
976
982
979
982
979
982
981
980
979
980
985
985
982
978
978
977
1968
1018
24
303
701
1814
1793
673
302
32
904
1867
1807
739
376
0
903
981
983
980
983
982
979
978
982
979
983
975
980
982
976
980
978
984
976
1711
1926
1010
48
198
540
1647
1951
1049
60
238
472
1581
1968
1125
106
222
984
981
984
973
985
981
979
981
981
983
984
979
979
979
980
983
981
80
1117
1525
1993
1239
103
0
509
1593
1972
1171
115
188
544
1667
1947
1069
57
985
976
985
981
981
981
984
990
980
980
985
986
981
985
982
975
984
355
0
908
1892
2005
1307
176
135
472
1627
1960
1060
601
0
712
1806
1985
1585
981
981
984
983
981
982
983
980
981
981
975
984
983
986
977
977
977
1201
117
0
521
1700
1919
1665
511
0
740
1806
1976
1506
297
11
867
1265
980
981
980
976
981
984
983
980
981
976
984
981
978
984
986
983
983
984
1974
1563
382
10
245
1345
1996
1333
230
7
251
1382
2001
1248
179
0
334
984
980
980
982
980
985
984
981
985
984
978
980
982
983
983
982
983
244
1353
2002
1321
872
0
444
1602
1958
1685
461
2
257
1358
2002
1246
804
0
982
980
976
984
977
981
978
981
979
985
980
980
978
984
975
982
980
0
531
1651
1876
1810
760
0
475
1628
1867
1795
610
0
672
1107
1970
1575
414
982
980
983
981
985
984
984
979
980
982
984
981
983
980
976
982
981
1053
43
330
1478
1818
1833
697
0
493
942
1900
1725
575
0
81
1059
1958
984
979
986
983
961
973
980
984
976
978
986
982
978
980
984
982
985
981
1933
965
0
381
1527
1829
1816
673
0
50
1062
1963
1528
1073
37
292
1491
979
975
978
978
979
982
981
952
987
974
984
981
978
981
984
984
982
986
1744
1850
678
220
103
1258
1727
1890
799
0
5
967
1949
1569
1128
55
274
979
976
982
983
985
981
982
984
979
986
979
985
980
983
981
980
976
87
1140
1980
1980
1053
35
304
677
1767
1847
828
0
0
857
1904
1643
1159
108
980
978
981
980
982
983
984
983
978
983
983
979
981
981
985
984
978
69
218
585
1735
1847
752
325
22
1083
1592
1963
984
11
0
829
1879
1728
1359
983
982
979
982
982
981
982
980
979
981
974
990
982
982
982
983
984
1147
88
173
565
1709
1903
806
344
29
923
1900
1995
1292
192
113
435
1640
982
978
983
980
983
983
980
979
977
977
984
981
983
984
981
986
975
977
1999
1229
109
156
454
1591
1961
1052
44
0
672
1769
1863
1563
414
0
791
980
983
982
986
982
981
980
980
980
985
983
980
976
980
982
981
982
985
1537
1981
995
509
0
812
1870
2001
1428
269
52
326
1409
2000
1332
214
72
984
979
986
982
980
980
982
979
982
975
981
981
981
981
984
978
985
0
440
1673
1912
1625
355
14
253
1480
1962
1691
494
0
822
1333
1996
1202
643
982
986
979
984
981
982
983
982
979
978
975
984
981
982
980
978
982
576
0
772
1226
1990
1395
217
0
410
1574
1962
1741
490
0
165
1346
2002
978
981
979
982
981
982
979
977
979
986
979
978
979
981
982
984
982
979
1636
404
0
189
1317
1999
1277
831
0
483
1683
1905
1711
522
0
157
1234
976
976
978
974
983
983
988
980
981
980
985
987
976
980
979
979
979
983
1969
1570
341
65
208
1357
1998
1838
719
0
579
1035
1965
1535
345
52
347
977
984
984
980
985
984
982
983
986
976
976
985
984
984
984
983
985
195
1248
1981
1493
1004
15
302
1482
1830
1783
600
0
86
1109
1968
1566
474
169
985
976
981
978
980
993
981
981
984
978
980
986
983
979
977
985
979
128
142
1275
1997
1949
980
16
372
842
1903
1741
529
133
164
1293
2001
1928
979
978
983
985
985
973
981
979
978
980
983
981
981
983
979
982
986
984
537
161
116
1184
1969
1580
1135
74
232
1323
1729
1896
892
0
341
684
1784
983
978
980
986
980
978
981
983
986
982
982
980
980
981
984
984
976
981
1816
776
359
23
1044
1959
1976
1127
89
206
1322
1689
1901
732
292
43
1002
983
974
985
986
983
982
983
980
978
985
977
973
985
981
984
978
977
982
1540
1994
1139
70
234
587
1735
1905
933
17
0
585
1682
1932
949
28
0
980
979
979
979
983
980
981
986
980
977
982
982
985
978
975
977
979
0
741
1829
1823
1512
304
19
1011
1438
1987
1228
135
148
437
1642
1937
933
542
981
980
979
983
976
978
978
980
984
979
984
981
974
981
977
978
974
149
0
470
1616
1961
1033
620
0
713
1835
1994
1387
242
41
962
1312
1993
1372
985
978
986
979
975
983
980
983
979
980
975
978
988
981
983
981
981
1581
365
2
906
1432
1982
1100
669
0
637
1773
1979
1534
313
37
329
1552
986
982
982
983
981
980
986
983
989
983
982
982
983
977
979
983
984
982
1974
1563
363
11
308
1496
1981
1081
601
0
686
1162
1990
1375
166
0
517
971
983
978
984
984
983
982
980
979
981
984
979
986
981
984
988
982
320
1564
1932
1615
390
56
226
1321
2000
1291
856
0
557
1729
1967
1573
362
0
977
983
979
973
965
980
978
980
979
984
984
979
981
982
982
984
981
0
655
1107
1991
1391
931
14
308
1452
1999
1822
660
0
127
1270
1997
1308
777
986
982
980
984
982
977
979
981
985
986
980
982
976
977
976
981
978
502
137
180
1345
1998
1831
721
0
55
1160
1999
1897
788
0
594
1061
1977
981
980
980
979
985
982
981
981
982
979
973
982
979
982
984
976
981
977
1666
501
141
173
1219
1991
1445
1012
32
330
1514
1859
1774
616
0
44
936
976
981
979
979
982
983
980
977
983
981
988
980
977
974
981
981
982
982
1683
1927
895
0
448
899
1905
1678
510
137
204
1387
1805
1841
707
291
93
982
982
979
982
981
977
985
984
976
980
982
984
983
981
979
973
982
285
716
1856
1726
1317
163
142
1335
1799
1825
703
310
38
965
1936
1994
1164
63
980
981
982
984
983
984
981
981
982
986
978
986
982
984
979
985
980
315
11
998
1934
1996
1250
112
157
1283
1677
1896
820
374
25
977
1930
2001
1271
979
980
985
981
979
974
981
981
982
985
977
986
986
986
980
975
986
1477
238
132
559
1724
1844
1398
159
177
657
1871
1997
1247
53
0
764
1831
981
981
980
980
982
979
978
983
983
984
997
981
973
974
979
983
977
979
1932
888
389
3
958
1402
2000
1214
106
157
520
1681
1921
1564
367
10
1027
983
979
986
981
981
981
982
975
975
964
977
984
981
984
984
983
984
973
1651
1912
1614
383
0
889
1445
1970
1033
542
0
874
1412
1989
1073
529
0
983
982
982
974
982
986
981
979
983
982
982
980
987
984
981
984
980
0
249
1352
1997
1252
719
0
659
1804
1993
1453
289
28
278
1432
1997
1162
640
981
981
981
984
979
981
982
979
982
980
983
977
981
982
976
982
980
635
0
195
1430
1975
1684
462
5
301
1481
1971
1788
632
0
749
1287
2001
778
977
981
979
982
983
980
983
983
982
977
982
986
985
980
985
977
975
1797
649
0
616
1131
1992
1480
928
0
556
1085
1980
1401
804
0
673
1182
978
979
975
980
986
983
979
978
984
983
979
982
982
981
979
975
980
972
1994
1404
987
8
403
1583
1878
1742
588
0
141
1285
2002
1428
992
9
373
981
973
972
987
981
981
988
982
976
981
983
983
980
982
982
981
978
425
874
1926
1585
1121
45
300
1500
1879
1725
535
114
215
1387
1791
1821
643
0
986
979
983
982
981
980
983
979
984
984
981
986
981
982
980
985
976
26
353
810
1910
1652
1216
105
258
1401
1817
1785
575
210
117
1257
2004
1888
779
981
975
988
981
984
985
983
981
980
981
976
986
983
976
978
973
980
758
0
46
1140
1998
1913
829
0
31
1080
1980
1962
929
0
0
954
1952
978
984
980
982
985
980
979
968
981
984
981
981
979
980
984
983
978
981
1974
930
0
0
980
1966
1982
1086
42
323
701
1839
1739
1342
158
160
1224
983
990
982
983
983
979
980
986
982
981
984
980
982
982
982
983
983
983
1516
1971
961
8
0
794
1876
1753
1321
157
161
559
1692
1895
788
394
14
979
979
981
979
984
982
975
974
998
978
986
983
985
981
983
976
979
0
864
1893
2013
1241
92
0
730
1842
1804
1454
261
96
471
1689
1870
1536
346
984
981
984
978
982
980
984
982
986
975
983
951
983
980
982
983
987
298
17
1031
1417
1991
1135
85
0
561
1718
1888
1632
405
18
1016
1445
1985
1110
984
983
981
983
983
983
979
983
985
983
987
975
986
975
981
981
978
1118
613
0
804
1832
2005
1319
140
0
503
1701
1918
1677
563
0
779
1211
981
980
987
978
981
982
991
978
980
985
980
986
986
977
982
978
986
981
1966
1105
637
0
681
1164
1991
1413
249
13
383
1592
1954
1742
534
0
814
980
997
985
980
986
981
982
987
984
985
982
981
986
980
984
981
979
974
1672
1931
1675
470
0
716
1113
1962
1532
301
15
343
1520
1976
1739
508
0
982
980
982
982
982
984
979
983
982
985
982
979
982
985
981
984
981
43
312
1500
1980
1746
525
0
250
1384
2000
1882
749
0
82
1202
2002
1881
759
982
983
980
980
982
978
985
982
974
978
977
981
977
983
980
982
983
814
0
507
967
1921
1668
468
0
123
1116
1965
1551
1087
56
286
1449
1799
981
984
993
984
984
982
982
988
981
981
977
982
984
981
982
981
979
979
1912
856
0
503
1004
1953
1587
1059
47
292
1465
1807
1808
634
0
82
1226
979
983
987
975
984
982
982
984
983
983
984
983
987
983
984
982
982
981
1910
1716
615
224
100
1087
1950
1682
579
218
60
1053
1971
1590
1173
118
155
975
977
980
980
980
983
984
982
984
984
982
979
978
977
975
984
984
181
1319
1754
1873
861
0
6
884
1913
1624
1177
130
117
1102
1964
1989
1264
158
981
988
981
981
979
979
979
980
978
985
981
982
982
979
984
981
986
0
0
820
1869
1775
1420
299
51
1119
1530
1985
1139
90
217
543
1703
1913
869
981
978
986
982
982
979
981
981
984
973
960
986
984
981
982
980
979
1179
108
149
498
1668
1917
844
370
14
915
1899
2006
1275
171
106
1080
1522
983
986
982
979
981
990
981
983
984
980
981
979
979
979
997
980
980
980
1994
1411
231
67
1071
1500
1986
1149
104
0
559
1700
1920
949
519
0
785
986
979
985
979
980
982
983
983
977
981
982
978
983
984
978
981
986
978
1828
1997
1455
302
21
892
1297
1998
1379
216
96
462
1626
1933
1653
403
2
987
979
981
979
983
976
980
984
981
979
990
981
985
982
980
985
980
0
641
1783
1991
1451
280
0
449
1636
*** Cannot exit while executing user function(s) !
1937
1638
428
0
254
1411
1998
1180
614
977
979
978
973
972
983
980
980
980
984
981
980
982
979
982
978
981
769
0
537
1705
1977
1488
318
21
259
1427
1998
1174
664
0
752
1222
1997
1391
982
982
986
981
983
980
977
980
984
980
982
984
981
981
982
983
983
1386
795
0
618
1098
1972
1555
311
34
342
1634
1961
1500
286
26
342
1544
980
981
982
977
982
981
981
979
983
984
978
979
985
973
977
984
979
981
1991
1844
814
0
524
1018
1956
1577
347
27
400
921
1948
1529
1012
23
345
986
981
990
980
981
983
979
979
980
982
982
981
981
988
983
985
982
414
867
1915
1614
1091
28
368
1558
1846
1782
602
0
141
1402
1782
1827
698
0
982
986
985
978
979
984
976
983
985
982
986
984
978
983
981
967
982
54
266
1448
1804
1800
595
190
123
1339
1770
1821
635
0
64
1175
2000
1891
736
984
984
981
985
984
980
978
980
983
985
984
981
980
979
981
982
974
820
0
7
1022
1960
1968
989
0
1
936
1948
1984
1123
92
234
618
1710
979
979
984
978
984
980
981
979
981
983
983
981
980
977
985
983
987
985
1911
877
0
11
970
1939
1994
1208
86
243
654
1807
1827
696
258
96
1184
979
988
983
981
982
985
978
980
986
971
983
982
984
981
982
977
984
988
1956
1981
1109
13
0
762
1835
1858
1502
323
18
978
1955
1988
1029
27
0
977
980
977
979
984
984
981
980
984
986
985
982
982
980
980
983
982
0
862
1910
1999
1193
119
192
612
1749
1825
1485
282
65
410
1593
1952
937
445
981
979
982
984
981
981
984
985
975
984
984
977
985
981
984
982
975
383
0
929
1349
1994
1257
84
0
638
1771
1864
1579
418
0
860
1889
2001
1301
982
982
989
983
981
983
984
978
983
984
986
982
980
984
981
984
982
1690
536
0
842
1285
2001
1292
142
0
473
1743
1983
1442
302
10
286
1489
981
993
980
982
980
979
979
985
981
982
982
981
977
986
983
985
983
984
1954
1554
346
20
279
1470
2001
1202
745
0
617
1765
1963
1591
385
9
277
988
974
983
982
978
976
978
982
978
983
978
977
980
982
979
985
978
980
1316
1998
1374
215
0
392
1529
1976
1802
761
0
567
1725
1965
1528
354
53
977
986
985
979
979
981
977
983
984
979
981
976
987
977
983
979
984
0
142
1116
1976
1543
406
92
206
1293
1997
1365
891
0
368
1577
1883
1731
621
981
983
982
980
986
983
986
981
986
984
981
979
984
979
981
980
979
409
83
226
1352
2006
1834
696
0
60
1068
1968
1560
368
53
309
1542
1859
980
980
983
982
978
982
983
981
983
983
982
988
983
980
978
978
980
978
1813
659
0
73
1055
1971
1569
1171
97
213
1324
2001
1881
802
0
29
1013
983
988
982
980
984
981
979
978
982
984
982
982
984
979
984
980
980
984
1906
1710
496
186
120
1146
1984
1563
1238
118
158
1271
1997
1928
951
26
295
980
982
979
970
982
981
977
977
981
984
986
984
979
982
983
982
981
208
1344
1693
1921
974
28
276
669
1768
1877
902
23
283
624
1708
1933
1052
55
981
980
979
982
986
976
981
979
984
989
983
980
975
983
984
984
990
101
192
584
1769
1874
819
426
0
915
1925
1989
1164
59
0
724
1802
1866
825
979
983
983
979
983
982
981
987
981
976
987
983
983
982
975
980
988
1078
46
0
715
1837
2005
1316
182
140
497
1700
1893
855
479
0
893
1917
986
984
982
981
982
981
981
980
986
982
982
980
978
979
975
982
978
981
1989
1362
163
132
456
1668
1951
959
504
0
801
1852
1994
1401
259
46
342
983
979
978
983
977
985
983
981
978
981
980
978
967
979
980
983
981
985
1430
1992
1154
663
0
630
1764
1901
1663
518
0
822
1304
2000
1427
290
26
983
981
981
978
981
980
981
982
984
977
987
986
984
987
981
982
988
5
370
1520
1966
1708
376
10
302
1470
1992
1184
758
0
499
1602
1961
1728
558
982
978
981
979
980
981
984
984
984
982
975
976
987
988
979
986
984
742
0
538
1704
1955
1550
325
20
282
1483
1977
1790
593
0
751
1153
1995
1441
978
977
981
980
982
980
983
979
979
985
982
978
981
982
986
984
982
1775
650
0
647
1057
1963
1589
367
0
171
1345
2001
1855
723
0
660
1143
982
982
978
983
985
975
977
976
977
985
982
979
984
978
982
978
973
982
1957
1597
474
0
95
1032
1956
1581
382
45
348
1543
1882
1765
664
0
571
979
979
978
980
980
978
979
982
974
991
980
981
978
976
983
983
983
323
1521
1801
1812
729
0
44
1036
1961
1559
1127
43
270
1473
1801
1815
704
0
982
983
984
981
985
985
986
980
977
984
985
985
983
979
985
981
979
0
480
935
1896
1708
613
0
30
1007
