<html>
<body>
<pre>
<h1>µVision Build Log</h1>
<h2>Tool Versions:</h2>
IDE-Version: ¦ÌVision V5.40.0.0
Copyright (C) 2024 ARM Ltd and ARM Germany GmbH. All rights reserved.
License Information: 1 Harry, 1, LIC=TA39H-WKCN4-HR9XN-Y1EQ9-0MQ3P-3B9Z9
 
Tool Versions:
Toolchain:       MDK-ARM Professional  Version: 5.40.0.3
Toolchain Path:  D:\HardwareDevelop\keil_MDK_C51\keil_MDK\ARM\ARMCC\Bin
C Compiler:      Armcc.exe V5.06 update 7 (build 960)
Assembler:       Armasm.exe V5.06 update 7 (build 960)
Linker/Locator:  ArmLink.exe V5.06 update 7 (build 960)
Library Manager: ArmAr.exe V5.06 update 7 (build 960)
Hex Converter:   FromElf.exe V5.06 update 7 (build 960)
CPU DLL:         SARMCM3.DLL V5.40.0.3
Dialog DLL:      DCM.DLL V1.17.5.0
Target DLL:      CMSIS_AGDI.dll V1.33.18.0
Dialog DLL:      TCM.DLL V1.56.4.0
 
<h2>Project:</h2>
E:\Code\keil_code\Template_msp432E401Y\ADC\Project.uvprojx
Project File Date:  07/26/2025

<h2>Output:</h2>
*** Using Compiler 'V5.06 update 7 (build 960)', folder: 'D:\HardwareDevelop\keil_MDK_C51\keil_MDK\ARM\ARMCC\Bin'
Build target 'Target 1'
compiling ADC_u.c...
linking...
Program Size: Code=2632 RO-data=1068 RW-data=1644 ZI-data=2004  
".\Objects\Project.axf" - 0 Error(s), 0 Warning(s).

<h2>Software Packages used:</h2>

Package Vendor: TexasInstruments
                http://software-dl.ti.com/msp430/msp430_public_sw/mcu/msp430/msp432cmsis/latest/exports/TexasInstruments.MSP432E4_DFP.3.2.6.pack
                TexasInstruments::MSP432E4_DFP@3.2.6
                Device Family Pack for Texas Instruments SimpleLink(TM) MSP432E4 Series

<h2>Collection of Component include folders:</h2>
  D:/HardwareDevelop/keil_MDK_C51/MDK_Pack/TexasInstruments/MSP432E4_DFP/3.2.6/Device/Include

<h2>Collection of Component Files used:</h2>
Build Time Elapsed:  00:00:03
</pre>
</body>
</html>
